Archive member included to satisfy reference by file (symbol)

libllcd.a(llcd.cpp.obj)       CMakeFiles/llcd_test.dir/llcd_Test.cpp.obj (llcd::llcd::llcd(std::function<void (llcd::ctx&)>))
libllcd.a(DEV_Config.cpp.obj)
                              libllcd.a(llcd.cpp.obj) (DEV_Module_Init())
libllcd.a(LCD_1in14.cpp.obj)  libllcd.a(llcd.cpp.obj) (LCD_1IN14_Init())
/usr/lib/gcc/arm-none-eabi/8.3.1/../../../arm-none-eabi/lib/thumb/v6-m/nofp/libstdc++.a(functional.o)
                              libllcd.a(llcd.cpp.obj) (std::__throw_bad_function_call())
/usr/lib/gcc/arm-none-eabi/8.3.1/../../../arm-none-eabi/lib/thumb/v6-m/nofp/libstdc++.a(si_class_type_info.o)
                              /usr/lib/gcc/arm-none-eabi/8.3.1/../../../arm-none-eabi/lib/thumb/v6-m/nofp/libstdc++.a(functional.o) (vtable for __cxxabiv1::__si_class_type_info)
/usr/lib/gcc/arm-none-eabi/8.3.1/../../../arm-none-eabi/lib/thumb/v6-m/nofp/libstdc++.a(eh_throw.o)
                              /usr/lib/gcc/arm-none-eabi/8.3.1/../../../arm-none-eabi/lib/thumb/v6-m/nofp/libstdc++.a(functional.o) (__cxa_throw)
/usr/lib/gcc/arm-none-eabi/8.3.1/../../../arm-none-eabi/lib/thumb/v6-m/nofp/libstdc++.a(eh_terminate.o)
                              /usr/lib/gcc/arm-none-eabi/8.3.1/../../../arm-none-eabi/lib/thumb/v6-m/nofp/libstdc++.a(eh_throw.o) (__cxxabiv1::__terminate(void (*)()))
/usr/lib/gcc/arm-none-eabi/8.3.1/../../../arm-none-eabi/lib/thumb/v6-m/nofp/libstdc++.a(eh_term_handler.o)
                              /usr/lib/gcc/arm-none-eabi/8.3.1/../../../arm-none-eabi/lib/thumb/v6-m/nofp/libstdc++.a(eh_terminate.o) (__cxxabiv1::__terminate_handler)
/usr/lib/gcc/arm-none-eabi/8.3.1/../../../arm-none-eabi/lib/thumb/v6-m/nofp/libstdc++.a(eh_personality.o)
                              /usr/lib/gcc/arm-none-eabi/8.3.1/../../../arm-none-eabi/lib/thumb/v6-m/nofp/libstdc++.a(eh_terminate.o) (__gxx_personality_v0)
/usr/lib/gcc/arm-none-eabi/8.3.1/../../../arm-none-eabi/lib/thumb/v6-m/nofp/libstdc++.a(eh_globals.o)
                              /usr/lib/gcc/arm-none-eabi/8.3.1/../../../arm-none-eabi/lib/thumb/v6-m/nofp/libstdc++.a(eh_throw.o) (__cxa_get_globals)
/usr/lib/gcc/arm-none-eabi/8.3.1/../../../arm-none-eabi/lib/thumb/v6-m/nofp/libstdc++.a(eh_exception.o)
                              /usr/lib/gcc/arm-none-eabi/8.3.1/../../../arm-none-eabi/lib/thumb/v6-m/nofp/libstdc++.a(functional.o) (std::exception::~exception())
/usr/lib/gcc/arm-none-eabi/8.3.1/../../../arm-none-eabi/lib/thumb/v6-m/nofp/libstdc++.a(eh_catch.o)
                              /usr/lib/gcc/arm-none-eabi/8.3.1/../../../arm-none-eabi/lib/thumb/v6-m/nofp/libstdc++.a(eh_throw.o) (__cxa_begin_catch)
/usr/lib/gcc/arm-none-eabi/8.3.1/../../../arm-none-eabi/lib/thumb/v6-m/nofp/libstdc++.a(eh_call.o)
                              /usr/lib/gcc/arm-none-eabi/8.3.1/../../../arm-none-eabi/lib/thumb/v6-m/nofp/libstdc++.a(eh_personality.o) (__cxa_call_terminate)
/usr/lib/gcc/arm-none-eabi/8.3.1/../../../arm-none-eabi/lib/thumb/v6-m/nofp/libstdc++.a(eh_arm.o)
                              /usr/lib/gcc/arm-none-eabi/8.3.1/../../../arm-none-eabi/lib/thumb/v6-m/nofp/libstdc++.a(eh_terminate.o) (__cxa_end_cleanup)
/usr/lib/gcc/arm-none-eabi/8.3.1/../../../arm-none-eabi/lib/thumb/v6-m/nofp/libstdc++.a(eh_alloc.o)
                              /usr/lib/gcc/arm-none-eabi/8.3.1/../../../arm-none-eabi/lib/thumb/v6-m/nofp/libstdc++.a(functional.o) (__cxa_allocate_exception)
/usr/lib/gcc/arm-none-eabi/8.3.1/../../../arm-none-eabi/lib/thumb/v6-m/nofp/libstdc++.a(class_type_info.o)
                              /usr/lib/gcc/arm-none-eabi/8.3.1/../../../arm-none-eabi/lib/thumb/v6-m/nofp/libstdc++.a(si_class_type_info.o) (__cxxabiv1::__class_type_info::__do_upcast(__cxxabiv1::__class_type_info const*, void**) const)
/usr/lib/gcc/arm-none-eabi/8.3.1/../../../arm-none-eabi/lib/thumb/v6-m/nofp/libstdc++.a(tinfo.o)
                              /usr/lib/gcc/arm-none-eabi/8.3.1/../../../arm-none-eabi/lib/thumb/v6-m/nofp/libstdc++.a(class_type_info.o) (std::type_info::~type_info())
/usr/lib/gcc/arm-none-eabi/8.3.1/../../../arm-none-eabi/lib/thumb/v6-m/nofp/libstdc++.a(pure.o)
                              /usr/lib/gcc/arm-none-eabi/8.3.1/../../../arm-none-eabi/lib/thumb/v6-m/nofp/libstdc++.a(eh_exception.o) (__cxa_pure_virtual)
/usr/lib/gcc/arm-none-eabi/8.3.1/../../../arm-none-eabi/lib/thumb/v6-m/nofp/libstdc++.a(eh_unex_handler.o)
                              /usr/lib/gcc/arm-none-eabi/8.3.1/../../../arm-none-eabi/lib/thumb/v6-m/nofp/libstdc++.a(eh_terminate.o) (__cxxabiv1::__unexpected_handler)
/usr/lib/gcc/arm-none-eabi/8.3.1/thumb/v6-m/nofp/libgcc.a(_dvmd_tls.o)
                              CMakeFiles/llcd_test.dir/home/luk/Dokumenty/pico-sdk/src/rp2_common/pico_divider/divider.S.obj (__aeabi_idiv0)
/usr/lib/gcc/arm-none-eabi/8.3.1/thumb/v6-m/nofp/libgcc.a(unwind-arm.o)
[...]
Memory Configuration

Name             Origin             Length             Attributes
FLASH            0x0000000010000000 0x0000000000200000 xr
RAM              0x0000000020000000 0x0000000000040000 xrw
SCRATCH_X        0x0000000020040000 0x0000000000001000 xrw
SCRATCH_Y        0x0000000020041000 0x0000000000001000 xrw
*default*        0x0000000000000000 0xffffffffffffffff

Linker script and memory map

LOAD /usr/lib/gcc/arm-none-eabi/8.3.1/thumb/v6-m/nofp/crti.o
LOAD /usr/lib/gcc/arm-none-eabi/8.3.1/thumb/v6-m/nofp/crtbegin.o
LOAD /usr/lib/gcc/arm-none-eabi/8.3.1/../../../arm-none-eabi/lib/thumb/v6-m/nofp/crt0.o

.flash_begin    0x0000000010000000        0x0
                0x0000000010000000                __flash_binary_start = .

.boot2          0x0000000010000000      0x100
                0x0000000010000000                __boot2_start__ = .
 *(.boot2)
 .boot2         0x0000000010000000      0x100 /tmp/cclxLYGs.o
                0x0000000010000100                __boot2_end__ = .
                0x0000000000000001                ASSERT (((__boot2_end__ - __boot2_start__) == 0x100), ERROR: Pico second stage bootloader must be 256 bytes in size)

.text           0x0000000010000100     0xa2b0
                0x0000000010000100                __logical_binary_start = .
 *(.vectors)
 .vectors       0x0000000010000100       0xd4 CMakeFiles/llcd_test.dir/home/luk/Dokumenty/pico-sdk/src/rp2_common/pico_standard_link/crt0.S.obj
                0x0000000010000100                __vectors
                0x0000000010000100                __VECTOR_TABLE
                0x00000000100001c0                isr_invalid
                0x00000000100001c0                __default_isrs_start
                0x00000000100001c2                isr_nmi
                0x00000000100001c4                isr_hardfault
                0x00000000100001c6                isr_svcall
                0x00000000100001c8                isr_pendsv
                0x00000000100001ca                isr_systick
                0x00000000100001cc                isr_irq30
                0x00000000100001cc                __unhandled_user_irq
                0x00000000100001cc                isr_irq13
                0x00000000100001cc                isr_irq27
                0x00000000100001cc                isr_irq31
                0x00000000100001cc                isr_irq5
                0x00000000100001cc                isr_irq11
                0x00000000100001cc                isr_irq23
                0x00000000100001cc                isr_irq18
                0x00000000100001cc                isr_irq28
                0x00000000100001cc                isr_irq19
                0x00000000100001cc                isr_irq0
                0x00000000100001cc                isr_irq6
                0x00000000100001cc                isr_irq22
                0x00000000100001cc                isr_irq17
                0x00000000100001cc                isr_irq14
                0x00000000100001cc                isr_irq2
                0x00000000100001cc                isr_irq10
                0x00000000100001cc                isr_irq8
                0x00000000100001cc                isr_irq24
                0x00000000100001cc                isr_irq1
                0x00000000100001cc                isr_irq7
                0x00000000100001cc                isr_irq21
                0x00000000100001cc                isr_irq20
                0x00000000100001cc                isr_irq15
                0x00000000100001cc                isr_irq25
                0x00000000100001cc                isr_irq4
                0x00000000100001cc                isr_irq16
                0x00000000100001cc                isr_irq29
                0x00000000100001cc                isr_irq26
                0x00000000100001cc                __default_isrs_end
                0x00000000100001cc                isr_irq3
                0x00000000100001cc                isr_irq12
                0x00000000100001cc                isr_irq9
                0x00000000100001d2                unhandled_user_irq_num_in_r0
 *(.binary_info_header)
 .binary_info_header
                0x00000000100001d4       0x14 CMakeFiles/llcd_test.dir/home/luk/Dokumenty/pico-sdk/src/rp2_common/pico_standard_link/crt0.S.obj
                0x00000000100001e8                __binary_info_header_end = .
 *(.reset)
 .reset         0x00000000100001e8       0xa8 CMakeFiles/llcd_test.dir/home/luk/Dokumenty/pico-sdk/src/rp2_common/pico_standard_link/crt0.S.obj
                0x00000000100001e8                _entry_point
                0x0000000010000266                __get_current_exception
 .reset         0x0000000010000290       0x30 CMakeFiles/llcd_test.dir/home/luk/Dokumenty/pico-sdk/src/rp2_common/pico_standard_link/binary_info.c.obj
 *(.init)
 .init          0x00000000100002c0        0x4 /usr/lib/gcc/arm-none-eabi/8.3.1/thumb/v6-m/nofp/crti.o
                0x00000000100002c0                _init
 *(EXCLUDE_FILE(*libm.a: *libc.a:*lib_a-mem*.o *libgcc.a:) .text*)
 .text          0x00000000100002c4       0x98 /usr/lib/gcc/arm-none-eabi/8.3.1/thumb/v6-m/nofp/crtbegin.o
 .text._ZNSt14_Function_base13_Base_managerIZ4mainEUlRN4llcd3ctxEE_E10_M_managerERSt9_Any_dataRKS6_St18_Manager_operation
                0x000000001000035c        0xc CMakeFiles/llcd_test.dir/llcd_Test.cpp.obj
 .text._ZNSt17_Function_handlerIFvRN4llcd3ctxEEZ4mainEUlS2_E_E9_M_invokeERKSt9_Any_dataS2_
                0x0000000010000368       0x80 CMakeFiles/llcd_test.dir/llcd_Test.cpp.obj
 .text.startup.main
                0x00000000100003e8      0x18c CMakeFiles/llcd_test.dir/llcd_Test.cpp.obj
                0x00000000100003e8                main
 .text.gpio_set_function
                0x0000000010000574       0x30 CMakeFiles/llcd_test.dir/home/luk/Dokumenty/pico-sdk/src/rp2_common/hardware_gpio/gpio.c.obj
                0x0000000010000574                gpio_set_function
 .text.gpio_set_pulls
                0x00000000100005a4       0x30 CMakeFiles/llcd_test.dir/home/luk/Dokumenty/pico-sdk/src/rp2_common/hardware_gpio/gpio.c.obj
                0x00000000100005a4                gpio_set_pulls
 .text.gpio_init
                0x00000000100005d4       0x3c CMakeFiles/llcd_test.dir/home/luk/Dokumenty/pico-sdk/src/rp2_common/hardware_gpio/gpio.c.obj
                0x00000000100005d4                gpio_init
 .text.hw_claim_or_assert
                0x0000000010000610       0x44 CMakeFiles/llcd_test.dir/home/luk/Dokumenty/pico-sdk/src/rp2_common/hardware_claim/claim.c.obj
                0x0000000010000610                hw_claim_or_assert
 .text.hw_claim_unused_from_range
                0x0000000010000654       0x9c CMakeFiles/llcd_test.dir/home/luk/Dokumenty/pico-sdk/src/rp2_common/hardware_claim/claim.c.obj
                0x0000000010000654                hw_claim_unused_from_range
 .text.running_on_fpga
                0x00000000100006f0       0x10 CMakeFiles/llcd_test.dir/home/luk/Dokumenty/pico-sdk/src/rp2_common/pico_platform/platform.c.obj
                0x00000000100006f0                running_on_fpga
 .text.spin_locks_reset
                0x0000000010000700       0x1c CMakeFiles/llcd_test.dir/home/luk/Dokumenty/pico-sdk/src/rp2_common/hardware_sync/sync.c.obj
                0x0000000010000700                spin_locks_reset
 .text.next_striped_spin_lock_num
                0x000000001000071c       0x18 CMakeFiles/llcd_test.dir/home/luk/Dokumenty/pico-sdk/src/rp2_common/hardware_sync/sync.c.obj
                0x000000001000071c                next_striped_spin_lock_num
 .text.spin_lock_claim_unused
                0x0000000010000734       0x20 CMakeFiles/llcd_test.dir/home/luk/Dokumenty/pico-sdk/src/rp2_common/hardware_sync/sync.c.obj
                0x0000000010000734                spin_lock_claim_unused
 .text.irq_set_enabled
                0x0000000010000754       0x24 CMakeFiles/llcd_test.dir/home/luk/Dokumenty/pico-sdk/src/rp2_common/hardware_irq/irq.c.obj
                0x0000000010000754                irq_set_enabled
 .text.irq_set_pending
                0x0000000010000778       0x10 CMakeFiles/llcd_test.dir/home/luk/Dokumenty/pico-sdk/src/rp2_common/hardware_irq/irq.c.obj
                0x0000000010000778                irq_set_pending
 .text.irq_has_shared_handler
                0x0000000010000788       0x2c CMakeFiles/llcd_test.dir/home/luk/Dokumenty/pico-sdk/src/rp2_common/hardware_irq/irq.c.obj
                0x0000000010000788                irq_has_shared_handler
 .text.irq_get_vtable_handler
                0x00000000100007b4       0x10 CMakeFiles/llcd_test.dir/home/luk/Dokumenty/pico-sdk/src/rp2_common/hardware_irq/irq.c.obj
                0x00000000100007b4                irq_get_vtable_handler
 .text.irq_set_exclusive_handler
                0x00000000100007c4       0x54 CMakeFiles/llcd_test.dir/home/luk/Dokumenty/pico-sdk/src/rp2_common/hardware_irq/irq.c.obj
                0x00000000100007c4                irq_set_exclusive_handler
 .text.irq_add_shared_handler
                0x0000000010000818      0x1c8 CMakeFiles/llcd_test.dir/home/luk/Dokumenty/pico-sdk/src/rp2_common/hardware_irq/irq.c.obj
                0x0000000010000818                irq_add_shared_handler
 .text.irq_remove_handler
                0x00000000100009e0      0x1b4 CMakeFiles/llcd_test.dir/home/luk/Dokumenty/pico-sdk/src/rp2_common/hardware_irq/irq.c.obj
                0x00000000100009e0                irq_remove_handler
 .text.irq_add_tail_to_free_list
                0x0000000010000b94       0xb4 CMakeFiles/llcd_test.dir/home/luk/Dokumenty/pico-sdk/src/rp2_common/hardware_irq/irq.c.obj
                0x0000000010000b94                irq_add_tail_to_free_list
 .text.irq_init_priorities
                0x0000000010000c48       0x24 CMakeFiles/llcd_test.dir/home/luk/Dokumenty/pico-sdk/src/rp2_common/hardware_irq/irq.c.obj
                0x0000000010000c48                irq_init_priorities
 .text.user_irq_claim_unused
                0x0000000010000c6c       0x30 CMakeFiles/llcd_test.dir/home/luk/Dokumenty/pico-sdk/src/rp2_common/hardware_irq/irq.c.obj
                0x0000000010000c6c                user_irq_claim_unused
 .text.lock_init
                0x0000000010000c9c       0x10 CMakeFiles/llcd_test.dir/home/luk/Dokumenty/pico-sdk/src/common/pico_sync/lock_core.c.obj
                0x0000000010000c9c                lock_init
 .text.timer_pool_entry_comparator
                0x0000000010000cac       0x34 CMakeFiles/llcd_test.dir/home/luk/Dokumenty/pico-sdk/src/common/pico_time/time.c.obj
                0x0000000010000cac                timer_pool_entry_comparator
 .text.sleep_until_callback
                0x0000000010000ce0       0x30 CMakeFiles/llcd_test.dir/home/luk/Dokumenty/pico-sdk/src/common/pico_time/time.c.obj
 .text.add_alarm_under_lock
                0x0000000010000d10      0x114 CMakeFiles/llcd_test.dir/home/luk/Dokumenty/pico-sdk/src/common/pico_time/time.c.obj
 .text.alarm_pool_alarm_callback
                0x0000000010000e24      0x1d0 CMakeFiles/llcd_test.dir/home/luk/Dokumenty/pico-sdk/src/common/pico_time/time.c.obj
 .text.alarm_pool_init_default
                0x0000000010000ff4       0x64 CMakeFiles/llcd_test.dir/home/luk/Dokumenty/pico-sdk/src/common/pico_time/time.c.obj
                0x0000000010000ff4                alarm_pool_init_default
 .text.alarm_pool_get_default
                0x0000000010001058        0x8 CMakeFiles/llcd_test.dir/home/luk/Dokumenty/pico-sdk/src/common/pico_time/time.c.obj
                0x0000000010001058                alarm_pool_get_default
 .text.alarm_pool_add_alarm_at
                0x0000000010001060      0x19c CMakeFiles/llcd_test.dir/home/luk/Dokumenty/pico-sdk/src/common/pico_time/time.c.obj
                0x0000000010001060                alarm_pool_add_alarm_at
 .text.alarm_pool_cancel_alarm
                0x00000000100011fc       0x70 CMakeFiles/llcd_test.dir/home/luk/Dokumenty/pico-sdk/src/common/pico_time/time.c.obj
                0x00000000100011fc                alarm_pool_cancel_alarm
 .text.sleep_until
                0x000000001000126c       0xc4 CMakeFiles/llcd_test.dir/home/luk/Dokumenty/pico-sdk/src/common/pico_time/time.c.obj
                0x000000001000126c                sleep_until
 .text.sleep_ms
                0x0000000010001330       0x38 CMakeFiles/llcd_test.dir/home/luk/Dokumenty/pico-sdk/src/common/pico_time/time.c.obj
                0x0000000010001330                sleep_ms
 .text.best_effort_wfe_or_timeout
                0x0000000010001368       0x58 CMakeFiles/llcd_test.dir/home/luk/Dokumenty/pico-sdk/src/common/pico_time/time.c.obj
                0x0000000010001368                best_effort_wfe_or_timeout
 .text.hardware_alarm_irq_handler
                0x00000000100013c0       0xb0 CMakeFiles/llcd_test.dir/home/luk/Dokumenty/pico-sdk/src/rp2_common/hardware_timer/timer.c.obj
 .text.hardware_alarm_claim
                0x0000000010001470       0x18 CMakeFiles/llcd_test.dir/home/luk/Dokumenty/pico-sdk/src/rp2_common/hardware_timer/timer.c.obj
                0x0000000010001470                hardware_alarm_claim
 .text.time_us_64
                0x0000000010001488       0x18 CMakeFiles/llcd_test.dir/home/luk/Dokumenty/pico-sdk/src/rp2_common/hardware_timer/timer.c.obj
                0x0000000010001488                time_us_64
 .text.busy_wait_until
                0x00000000100014a0       0x20 CMakeFiles/llcd_test.dir/home/luk/Dokumenty/pico-sdk/src/rp2_common/hardware_timer/timer.c.obj
                0x00000000100014a0                busy_wait_until
 .text.hardware_alarm_set_callback
                0x00000000100014c0       0x8c CMakeFiles/llcd_test.dir/home/luk/Dokumenty/pico-sdk/src/rp2_common/hardware_timer/timer.c.obj
                0x00000000100014c0                hardware_alarm_set_callback
 .text.hardware_alarm_set_target
                0x000000001000154c       0xe8 CMakeFiles/llcd_test.dir/home/luk/Dokumenty/pico-sdk/src/rp2_common/hardware_timer/timer.c.obj
                0x000000001000154c                hardware_alarm_set_target
 .text.hardware_alarm_cancel
                0x0000000010001634       0x40 CMakeFiles/llcd_test.dir/home/luk/Dokumenty/pico-sdk/src/rp2_common/hardware_timer/timer.c.obj
                0x0000000010001634                hardware_alarm_cancel
 .text.ph_merge_nodes
                0x0000000010001674       0x5c CMakeFiles/llcd_test.dir/home/luk/Dokumenty/pico-sdk/src/common/pico_util/pheap.c.obj
 .text.ph_post_alloc_init
                0x00000000100016d0      0x1b8 CMakeFiles/llcd_test.dir/home/luk/Dokumenty/pico-sdk/src/common/pico_util/pheap.c.obj
                0x00000000100016d0                ph_post_alloc_init
 .text.ph_merge_two_pass
                0x0000000010001888       0x4c CMakeFiles/llcd_test.dir/home/luk/Dokumenty/pico-sdk/src/common/pico_util/pheap.c.obj
                0x0000000010001888                ph_merge_two_pass
 .text.ph_remove_any_head
                0x00000000100018d4      0x1b8 CMakeFiles/llcd_test.dir/home/luk/Dokumenty/pico-sdk/src/common/pico_util/pheap.c.obj
 .text.ph_remove_head
                0x0000000010001a8c      0x1bc CMakeFiles/llcd_test.dir/home/luk/Dokumenty/pico-sdk/src/common/pico_util/pheap.c.obj
                0x0000000010001a8c                ph_remove_head
 .text.ph_remove_and_free_node
                0x0000000010001c48       0x7c CMakeFiles/llcd_test.dir/home/luk/Dokumenty/pico-sdk/src/common/pico_util/pheap.c.obj
                0x0000000010001c48                ph_remove_and_free_node
 .text.mutex_init
                0x0000000010001cc4       0x1c CMakeFiles/llcd_test.dir/home/luk/Dokumenty/pico-sdk/src/common/pico_sync/mutex.c.obj
                0x0000000010001cc4                mutex_init
 .text.recursive_mutex_init
                0x0000000010001ce0       0x1c CMakeFiles/llcd_test.dir/home/luk/Dokumenty/pico-sdk/src/common/pico_sync/mutex.c.obj
                0x0000000010001ce0                recursive_mutex_init
 .text.critical_section_init
                0x0000000010001cfc       0x20 CMakeFiles/llcd_test.dir/home/luk/Dokumenty/pico-sdk/src/common/pico_sync/critical_section.c.obj
                0x0000000010001cfc                critical_section_init
 .text.uart_init
                0x0000000010001d1c       0xe4 CMakeFiles/llcd_test.dir/home/luk/Dokumenty/pico-sdk/src/rp2_common/hardware_uart/uart.c.obj
                0x0000000010001d1c                uart_init
 .text.runtime_init
                0x0000000010001e00       0xf4 CMakeFiles/llcd_test.dir/home/luk/Dokumenty/pico-sdk/src/rp2_common/pico_runtime/runtime.c.obj
                0x0000000010001e00                runtime_init
 .text._exit    0x0000000010001ef4        0x4 CMakeFiles/llcd_test.dir/home/luk/Dokumenty/pico-sdk/src/rp2_common/pico_runtime/runtime.c.obj
                0x0000000010001ef4                _exit
 .text._sbrk    0x0000000010001ef8       0x34 CMakeFiles/llcd_test.dir/home/luk/Dokumenty/pico-sdk/src/rp2_common/pico_runtime/runtime.c.obj
                0x0000000010001ef8                _sbrk
 .text.exit     0x0000000010001f2c        0x4 CMakeFiles/llcd_test.dir/home/luk/Dokumenty/pico-sdk/src/rp2_common/pico_runtime/runtime.c.obj
                0x0000000010001f2c                exit
 .text.panic    0x0000000010001f30       0x30 CMakeFiles/llcd_test.dir/home/luk/Dokumenty/pico-sdk/src/rp2_common/pico_runtime/runtime.c.obj
                0x0000000010001f30                panic
 .text.hard_assertion_failure
                0x0000000010001f60        0xc CMakeFiles/llcd_test.dir/home/luk/Dokumenty/pico-sdk/src/rp2_common/pico_runtime/runtime.c.obj
                0x0000000010001f60                hard_assertion_failure
 .text.clocks_init
                0x0000000010001f6c      0x2c0 CMakeFiles/llcd_test.dir/home/luk/Dokumenty/pico-sdk/src/rp2_common/hardware_clocks/clocks.c.obj
                0x0000000010001f6c                clocks_init
 .text.clock_get_hz
                0x000000001000222c        0xc CMakeFiles/llcd_test.dir/home/luk/Dokumenty/pico-sdk/src/rp2_common/hardware_clocks/clocks.c.obj
                0x000000001000222c                clock_get_hz
 .text.pll_init
                0x0000000010002238       0xa8 CMakeFiles/llcd_test.dir/home/luk/Dokumenty/pico-sdk/src/rp2_common/hardware_pll/pll.c.obj
                0x0000000010002238                pll_init
 .text.watchdog_start_tick
                0x00000000100022e0       0x10 CMakeFiles/llcd_test.dir/home/luk/Dokumenty/pico-sdk/src/rp2_common/hardware_watchdog/watchdog.c.obj
                0x00000000100022e0                watchdog_start_tick
 .text.watchdog_reboot
                0x00000000100022f0       0x98 CMakeFiles/llcd_test.dir/home/luk/Dokumenty/pico-sdk/src/rp2_common/hardware_watchdog/watchdog.c.obj
                0x00000000100022f0                watchdog_reboot
 .text.xosc_init
                0x0000000010002388       0x28 CMakeFiles/llcd_test.dir/home/luk/Dokumenty/pico-sdk/src/rp2_common/hardware_xosc/xosc.c.obj
                0x0000000010002388                xosc_init
 .text._out_null
                0x00000000100023b0        0x4 CMakeFiles/llcd_test.dir/home/luk/Dokumenty/pico-sdk/src/rp2_common/pico_printf/printf.c.obj
 .text._out_rev
                0x00000000100023b4       0x9c CMakeFiles/llcd_test.dir/home/luk/Dokumenty/pico-sdk/src/rp2_common/pico_printf/printf.c.obj
 .text._ntoa_format
                0x0000000010002450      0x1c8 CMakeFiles/llcd_test.dir/home/luk/Dokumenty/pico-sdk/src/rp2_common/pico_printf/printf.c.obj
 .text._out_char
                0x0000000010002618       0x10 CMakeFiles/llcd_test.dir/home/luk/Dokumenty/pico-sdk/src/rp2_common/pico_printf/printf.c.obj
 .text._out_fct
                0x0000000010002628       0x10 CMakeFiles/llcd_test.dir/home/luk/Dokumenty/pico-sdk/src/rp2_common/pico_printf/printf.c.obj
 .text._etoa    0x0000000010002638      0x45c CMakeFiles/llcd_test.dir/home/luk/Dokumenty/pico-sdk/src/rp2_common/pico_printf/printf.c.obj
 .text._ftoa    0x0000000010002a94      0x4c0 CMakeFiles/llcd_test.dir/home/luk/Dokumenty/pico-sdk/src/rp2_common/pico_printf/printf.c.obj
 .text._vsnprintf
                0x0000000010002f54      0xad0 CMakeFiles/llcd_test.dir/home/luk/Dokumenty/pico-sdk/src/rp2_common/pico_printf/printf.c.obj
 .text.vfctprintf
                0x0000000010003a24       0x20 CMakeFiles/llcd_test.dir/home/luk/Dokumenty/pico-sdk/src/rp2_common/pico_printf/printf.c.obj
                0x0000000010003a24                vfctprintf
 .text.weak_raw_vprintf
                0x0000000010003a44       0x30 CMakeFiles/llcd_test.dir/home/luk/Dokumenty/pico-sdk/src/rp2_common/pico_printf/printf.c.obj
                0x0000000010003a44                weak_raw_vprintf
 .text          0x0000000010003a74       0x10 CMakeFiles/llcd_test.dir/home/luk/Dokumenty/pico-sdk/src/rp2_common/pico_bit_ops/bit_ops_aeabi.S.obj
 .text.rom_func_lookup
                0x0000000010003a84       0x10 CMakeFiles/llcd_test.dir/home/luk/Dokumenty/pico-sdk/src/rp2_common/pico_bootrom/bootrom.c.obj
                0x0000000010003a84                rom_func_lookup
 .text.rom_data_lookup
                0x0000000010003a94       0x10 CMakeFiles/llcd_test.dir/home/luk/Dokumenty/pico-sdk/src/rp2_common/pico_bootrom/bootrom.c.obj
                0x0000000010003a94                rom_data_lookup
 .text.rom_funcs_lookup
                0x0000000010003aa4       0x3c CMakeFiles/llcd_test.dir/home/luk/Dokumenty/pico-sdk/src/rp2_common/pico_bootrom/bootrom.c.obj
                0x0000000010003aa4                rom_funcs_lookup
 .text.__wrap___aeabi_idiv
                0x0000000010003ae0       0x50 CMakeFiles/llcd_test.dir/home/luk/Dokumenty/pico-sdk/src/rp2_common/pico_divider/divider.S.obj
                0x0000000010003ae0                __wrap___aeabi_idivmod
                0x0000000010003ae0                divmod_s32s32
                0x0000000010003ae0                div_s32s32
                0x0000000010003ae0                __wrap___aeabi_idiv
                0x0000000010003ae8                divmod_s32s32_unsafe
                0x0000000010003b14                divmod_s32s32_savestate
 .text.__wrap___aeabi_uidiv
                0x0000000010003b30       0x4c CMakeFiles/llcd_test.dir/home/luk/Dokumenty/pico-sdk/src/rp2_common/pico_divider/divider.S.obj
                0x0000000010003b30                __wrap___aeabi_uidiv
                0x0000000010003b30                __wrap___aeabi_uidivmod
                0x0000000010003b30                div_u32u32
                0x0000000010003b30                divmod_u32u32
                0x0000000010003b38                divmod_u32u32_unsafe
                0x0000000010003b60                divmod_u32u32_savestate
 .text.__wrap___aeabi_ldiv
                0x0000000010003b7c      0x434 CMakeFiles/llcd_test.dir/home/luk/Dokumenty/pico-sdk/src/rp2_common/pico_divider/divider.S.obj
                0x0000000010003b7c                div_s64s64
                0x0000000010003b7c                divmod_s64s64
                0x0000000010003b7c                __wrap___aeabi_ldivmod
                0x0000000010003bb4                div_u64u64
                0x0000000010003bb4                divmod_u64u64
                0x0000000010003bb4                __wrap___aeabi_uldivmod
                0x0000000010003bc4                divmod_u64u64_savestate
                0x0000000010003bec                divmod_s64s64_unsafe
                0x0000000010003c74                divmod_u64u64_unsafe
 .text.__wrap___aeabi_darithmetic
                0x0000000010003fb0       0x80 CMakeFiles/llcd_test.dir/home/luk/Dokumenty/pico-sdk/src/rp2_common/pico_double/double_aeabi.S.obj
                0x0000000010003fb0                __wrap___aeabi_drsub
                0x0000000010003fb6                __wrap___aeabi_dsub
                0x0000000010003fc8                __wrap___aeabi_dadd
                0x0000000010003fda                __wrap___aeabi_ddiv
                0x0000000010004016                __wrap___aeabi_dmul
 .text.__wrap___aeabi_cdcmple
                0x0000000010004030       0x6c CMakeFiles/llcd_test.dir/home/luk/Dokumenty/pico-sdk/src/rp2_common/pico_double/double_aeabi.S.obj
                0x0000000010004030                __wrap___aeabi_cdrcmple
                0x0000000010004040                __wrap___aeabi_cdcmple
                0x0000000010004040                __wrap___aeabi_cdcmpeq
 .text.__wrap___aeabi_dcmplt
                0x000000001000409c        0xc CMakeFiles/llcd_test.dir/home/luk/Dokumenty/pico-sdk/src/rp2_common/pico_double/double_aeabi.S.obj
                0x000000001000409c                __wrap___aeabi_dcmplt
 .text.__wrap___aeabi_dcmpge
                0x00000000100040a8       0x10 CMakeFiles/llcd_test.dir/home/luk/Dokumenty/pico-sdk/src/rp2_common/pico_double/double_aeabi.S.obj
                0x00000000100040a8                __wrap___aeabi_dcmpge
 .text.__wrap___aeabi_dcmpgt
                0x00000000100040b8        0xa CMakeFiles/llcd_test.dir/home/luk/Dokumenty/pico-sdk/src/rp2_common/pico_double/double_aeabi.S.obj
                0x00000000100040b8                __wrap___aeabi_dcmpgt
 .text.__wrap___aeabi_dcmpun
                0x00000000100040c2       0x1c CMakeFiles/llcd_test.dir/home/luk/Dokumenty/pico-sdk/src/rp2_common/pico_double/double_aeabi.S.obj
                0x00000000100040c2                __wrap___aeabi_dcmpun
 *fill*         0x00000000100040de        0x2 
 .text.__wrap___aeabi_i2d
                0x00000000100040e0       0x38 CMakeFiles/llcd_test.dir/home/luk/Dokumenty/pico-sdk/src/rp2_common/pico_double/double_aeabi.S.obj
                0x00000000100040e0                __wrap___aeabi_ui2d
                0x00000000100040e8                __wrap___aeabi_i2d
 .text.__wrap___aeabi_d2iz
                0x0000000010004118       0x48 CMakeFiles/llcd_test.dir/home/luk/Dokumenty/pico-sdk/src/rp2_common/pico_double/double_aeabi.S.obj
                0x0000000010004118                __wrap___aeabi_d2iz
                0x0000000010004118                double2int_z
 .text.__wrap___aeabi_d2uiz
                0x0000000010004160       0x18 CMakeFiles/llcd_test.dir/home/luk/Dokumenty/pico-sdk/src/rp2_common/pico_double/double_aeabi.S.obj
                0x0000000010004160                double2uint
                0x0000000010004160                __wrap___aeabi_d2uiz
 .text.__aeabi_double_init
                0x0000000010004178       0xbc CMakeFiles/llcd_test.dir/home/luk/Dokumenty/pico-sdk/src/rp2_common/pico_double/double_init_rom.c.obj
                0x0000000010004178                __aeabi_double_init
 .text.double_table_shim_on_use_helper
                0x0000000010004234       0x2c CMakeFiles/llcd_test.dir/home/luk/Dokumenty/pico-sdk/src/rp2_common/pico_double/double_v1_rom_shim.S.obj
                0x0000000010004234                double_table_shim_on_use_helper
 .text.__wrap___aeabi_dsub
                0x0000000010004260       0x10 CMakeFiles/llcd_test.dir/home/luk/Dokumenty/pico-sdk/src/rp2_common/pico_double/double_v1_rom_shim.S.obj
                0x0000000010004260                drsub_shim
                0x0000000010004266                dsub_shim
 .text.dadd_shim
                0x0000000010004270      0x15c CMakeFiles/llcd_test.dir/home/luk/Dokumenty/pico-sdk/src/rp2_common/pico_double/double_v1_rom_shim.S.obj
                0x0000000010004270                dadd_shim
 .text.dmul_shim
                0x00000000100043cc      0x15c CMakeFiles/llcd_test.dir/home/luk/Dokumenty/pico-sdk/src/rp2_common/pico_double/double_v1_rom_shim.S.obj
                0x00000000100043cc                dmul_shim
 .text.ddiv_shim
                0x0000000010004528      0x1b0 CMakeFiles/llcd_test.dir/home/luk/Dokumenty/pico-sdk/src/rp2_common/pico_double/double_v1_rom_shim.S.obj
                0x0000000010004528                ddiv_shim
 .text.double2uint_shim
                0x00000000100046d8        0xe CMakeFiles/llcd_test.dir/home/luk/Dokumenty/pico-sdk/src/rp2_common/pico_double/double_v1_rom_shim.S.obj
                0x00000000100046d8                double2uint_shim
                0x00000000100046da                double2ufix_shim
 *fill*         0x00000000100046e6        0x2 
 .text.double2uint64_shim
                0x00000000100046e8       0x70 CMakeFiles/llcd_test.dir/home/luk/Dokumenty/pico-sdk/src/rp2_common/pico_double/double_v1_rom_shim.S.obj
                0x00000000100046e8                double2uint64_shim
                0x00000000100046ea                double2ufix64_shim
                0x000000001000470a                d2fix_a
 .text.dunpacks
                0x0000000010004758       0x3c CMakeFiles/llcd_test.dir/home/luk/Dokumenty/pico-sdk/src/rp2_common/pico_double/double_v1_rom_shim.S.obj
                0x0000000010004758                dunpacks
 .text.__aeabi_lmul
                0x0000000010004794       0x32 CMakeFiles/llcd_test.dir/home/luk/Dokumenty/pico-sdk/src/rp2_common/pico_int64_ops/pico_int64_ops_aeabi.S.obj
                0x0000000010004794                __wrap___aeabi_lmul
 *fill*         0x00000000100047c6        0x2 
 .text.__aeabi_float_init
                0x00000000100047c8       0x68 CMakeFiles/llcd_test.dir/home/luk/Dokumenty/pico-sdk/src/rp2_common/pico_float/float_init_rom.c.obj
                0x00000000100047c8                __aeabi_float_init
 .text.float_table_shim_on_use_helper
                0x0000000010004830       0x2c CMakeFiles/llcd_test.dir/home/luk/Dokumenty/pico-sdk/src/rp2_common/pico_float/float_v1_rom_shim.S.obj
                0x0000000010004830                float_table_shim_on_use_helper
 .text.__wrap_malloc
                0x000000001000485c       0x24 CMakeFiles/llcd_test.dir/home/luk/Dokumenty/pico-sdk/src/rp2_common/pico_malloc/pico_malloc.c.obj
                0x000000001000485c                __wrap_malloc
 .text.__wrap_free
                0x0000000010004880        0x8 CMakeFiles/llcd_test.dir/home/luk/Dokumenty/pico-sdk/src/rp2_common/pico_malloc/pico_malloc.c.obj
                0x0000000010004880                __wrap_free
 .text          0x0000000010004888       0x10 CMakeFiles/llcd_test.dir/home/luk/Dokumenty/pico-sdk/src/rp2_common/pico_mem_ops/mem_ops_aeabi.S.obj
                0x0000000010004888                __aeabi_mem_init
 .text.memset   0x0000000010004898        0xc CMakeFiles/llcd_test.dir/home/luk/Dokumenty/pico-sdk/src/rp2_common/pico_mem_ops/mem_ops_aeabi.S.obj
                0x0000000010004898                __wrap_memset
 .text.memcpy   0x00000000100048a4        0xc CMakeFiles/llcd_test.dir/home/luk/Dokumenty/pico-sdk/src/rp2_common/pico_mem_ops/mem_ops_aeabi.S.obj
                0x00000000100048a4                __wrap___aeabi_memcpy
                0x00000000100048a4                __wrap_memcpy
 .text._ZdlPv   0x00000000100048b0        0x8 CMakeFiles/llcd_test.dir/home/luk/Dokumenty/pico-sdk/src/rp2_common/pico_standard_link/new_delete.cpp.obj
                0x00000000100048b0                operator delete(void*)
 .text._ZdlPvj  0x00000000100048b8        0x8 CMakeFiles/llcd_test.dir/home/luk/Dokumenty/pico-sdk/src/rp2_common/pico_standard_link/new_delete.cpp.obj
                0x00000000100048b8                operator delete(void*, unsigned int)
 .text.stdio_out_chars_no_crlf
                0x00000000100048c0       0x10 CMakeFiles/llcd_test.dir/home/luk/Dokumenty/pico-sdk/src/rp2_common/pico_stdio/stdio.c.obj
 .text.stdio_out_chars_crlf
                0x00000000100048d0       0xac CMakeFiles/llcd_test.dir/home/luk/Dokumenty/pico-sdk/src/rp2_common/pico_stdio/stdio.c.obj
 .text.stdio_stack_buffer_flush.part.1
                0x000000001000497c       0xe8 CMakeFiles/llcd_test.dir/home/luk/Dokumenty/pico-sdk/src/rp2_common/pico_stdio/stdio.c.obj
 .text.stdio_buffered_printer
                0x0000000010004a64       0x20 CMakeFiles/llcd_test.dir/home/luk/Dokumenty/pico-sdk/src/rp2_common/pico_stdio/stdio.c.obj
 .text.stdio_put_string
                0x0000000010004a84       0xf8 CMakeFiles/llcd_test.dir/home/luk/Dokumenty/pico-sdk/src/rp2_common/pico_stdio/stdio.c.obj
 .text.__wrap_putchar
                0x0000000010004b7c       0xa4 CMakeFiles/llcd_test.dir/home/luk/Dokumenty/pico-sdk/src/rp2_common/pico_stdio/stdio.c.obj
                0x0000000010004b7c                __wrap_putchar
 .text.__wrap_puts
                0x0000000010004c20       0x3c CMakeFiles/llcd_test.dir/home/luk/Dokumenty/pico-sdk/src/rp2_common/pico_stdio/stdio.c.obj
                0x0000000010004c20                __wrap_puts
 .text.stdio_set_driver_enabled
                0x0000000010004c5c       0x30 CMakeFiles/llcd_test.dir/home/luk/Dokumenty/pico-sdk/src/rp2_common/pico_stdio/stdio.c.obj
                0x0000000010004c5c                stdio_set_driver_enabled
 .text.__wrap_vprintf
                0x0000000010004c8c       0x98 CMakeFiles/llcd_test.dir/home/luk/Dokumenty/pico-sdk/src/rp2_common/pico_stdio/stdio.c.obj
                0x0000000010004c8c                __wrap_vprintf
 .text.__wrap_printf
                0x0000000010004d24       0x18 CMakeFiles/llcd_test.dir/home/luk/Dokumenty/pico-sdk/src/rp2_common/pico_stdio/stdio.c.obj
                0x0000000010004d24                __wrap_printf
 .text.stdio_init_all
                0x0000000010004d3c        0xc CMakeFiles/llcd_test.dir/home/luk/Dokumenty/pico-sdk/src/rp2_common/pico_stdio/stdio.c.obj
                0x0000000010004d3c                stdio_init_all
 .text.stdio_uart_out_chars
                0x0000000010004d48       0x4c CMakeFiles/llcd_test.dir/home/luk/Dokumenty/pico-sdk/src/rp2_common/pico_stdio_uart/stdio_uart.c.obj
 .text.stdio_uart_in_chars
                0x0000000010004d94       0x3c CMakeFiles/llcd_test.dir/home/luk/Dokumenty/pico-sdk/src/rp2_common/pico_stdio_uart/stdio_uart.c.obj
                0x0000000010004d94                stdio_uart_in_chars
 .text.stdio_uart_init
                0x0000000010004dd0       0x48 CMakeFiles/llcd_test.dir/home/luk/Dokumenty/pico-sdk/src/rp2_common/pico_stdio_uart/stdio_uart.c.obj
                0x0000000010004dd0                stdio_uart_init
 .text.resetd_init
                0x0000000010004e18        0x4 CMakeFiles/llcd_test.dir/home/luk/Dokumenty/pico-sdk/src/rp2_common/pico_stdio_usb/reset_interface.c.obj
 .text.resetd_reset
                0x0000000010004e1c        0xc CMakeFiles/llcd_test.dir/home/luk/Dokumenty/pico-sdk/src/rp2_common/pico_stdio_usb/reset_interface.c.obj
 .text.resetd_open
                0x0000000010004e28       0x28 CMakeFiles/llcd_test.dir/home/luk/Dokumenty/pico-sdk/src/rp2_common/pico_stdio_usb/reset_interface.c.obj
 .text.resetd_xfer_cb
                0x0000000010004e50        0x4 CMakeFiles/llcd_test.dir/home/luk/Dokumenty/pico-sdk/src/rp2_common/pico_stdio_usb/reset_interface.c.obj
 .text.resetd_control_xfer_cb
                0x0000000010004e54       0x64 CMakeFiles/llcd_test.dir/home/luk/Dokumenty/pico-sdk/src/rp2_common/pico_stdio_usb/reset_interface.c.obj
 .text.usbd_app_driver_get_cb
                0x0000000010004eb8        0xc CMakeFiles/llcd_test.dir/home/luk/Dokumenty/pico-sdk/src/rp2_common/pico_stdio_usb/reset_interface.c.obj
                0x0000000010004eb8                usbd_app_driver_get_cb
 .text.tud_cdc_line_coding_cb
                0x0000000010004ec4       0x34 CMakeFiles/llcd_test.dir/home/luk/Dokumenty/pico-sdk/src/rp2_common/pico_stdio_usb/reset_interface.c.obj
                0x0000000010004ec4                tud_cdc_line_coding_cb
 .text.stdio_usb_in_chars
                0x0000000010004ef8       0x68 CMakeFiles/llcd_test.dir/home/luk/Dokumenty/pico-sdk/src/rp2_common/pico_stdio_usb/stdio_usb.c.obj
                0x0000000010004ef8                stdio_usb_in_chars
 .text.stdio_usb_out_chars
                0x0000000010004f60       0xf0 CMakeFiles/llcd_test.dir/home/luk/Dokumenty/pico-sdk/src/rp2_common/pico_stdio_usb/stdio_usb.c.obj
 .text.timer_task
                0x0000000010005050       0x18 CMakeFiles/llcd_test.dir/home/luk/Dokumenty/pico-sdk/src/rp2_common/pico_stdio_usb/stdio_usb.c.obj
 .text.usb_irq  0x0000000010005068       0x10 CMakeFiles/llcd_test.dir/home/luk/Dokumenty/pico-sdk/src/rp2_common/pico_stdio_usb/stdio_usb.c.obj
 .text.low_priority_worker_irq
                0x0000000010005078       0x24 CMakeFiles/llcd_test.dir/home/luk/Dokumenty/pico-sdk/src/rp2_common/pico_stdio_usb/stdio_usb.c.obj
 .text.stdio_usb_init
                0x000000001000509c       0xac CMakeFiles/llcd_test.dir/home/luk/Dokumenty/pico-sdk/src/rp2_common/pico_stdio_usb/stdio_usb.c.obj
                0x000000001000509c                stdio_usb_init
 .text.tud_descriptor_device_cb
                0x0000000010005148        0x8 CMakeFiles/llcd_test.dir/home/luk/Dokumenty/pico-sdk/src/rp2_common/pico_stdio_usb/stdio_usb_descriptors.c.obj
                0x0000000010005148                tud_descriptor_device_cb
 .text.tud_descriptor_configuration_cb
                0x0000000010005150        0x8 CMakeFiles/llcd_test.dir/home/luk/Dokumenty/pico-sdk/src/rp2_common/pico_stdio_usb/stdio_usb_descriptors.c.obj
                0x0000000010005150                tud_descriptor_configuration_cb
 .text.tud_descriptor_string_cb
                0x0000000010005158       0x70 CMakeFiles/llcd_test.dir/home/luk/Dokumenty/pico-sdk/src/rp2_common/pico_stdio_usb/stdio_usb_descriptors.c.obj
                0x0000000010005158                tud_descriptor_string_cb
 .text.dcd_rp2040_irq
                0x00000000100051c8      0x21c CMakeFiles/llcd_test.dir/home/luk/Dokumenty/pico-sdk/lib/tinyusb/src/portable/raspberrypi/rp2040/dcd_rp2040.c.obj
 .text.dcd_int_enable
                0x00000000100053e4        0xc CMakeFiles/llcd_test.dir/home/luk/Dokumenty/pico-sdk/lib/tinyusb/src/portable/raspberrypi/rp2040/dcd_rp2040.c.obj
                0x00000000100053e4                dcd_int_enable
 .text.dcd_set_address
                0x00000000100053f0       0x14 CMakeFiles/llcd_test.dir/home/luk/Dokumenty/pico-sdk/lib/tinyusb/src/portable/raspberrypi/rp2040/dcd_rp2040.c.obj
                0x00000000100053f0                dcd_set_address
 .text.dcd_connect
                0x0000000010005404       0x10 CMakeFiles/llcd_test.dir/home/luk/Dokumenty/pico-sdk/lib/tinyusb/src/portable/raspberrypi/rp2040/dcd_rp2040.c.obj
                0x0000000010005404                dcd_connect
 .text.dcd_init
                0x0000000010005414      0x144 CMakeFiles/llcd_test.dir/home/luk/Dokumenty/pico-sdk/lib/tinyusb/src/portable/raspberrypi/rp2040/dcd_rp2040.c.obj
                0x0000000010005414                dcd_init
 .text.dcd_edpt0_status_complete
                0x0000000010005558       0x1c CMakeFiles/llcd_test.dir/home/luk/Dokumenty/pico-sdk/lib/tinyusb/src/portable/raspberrypi/rp2040/dcd_rp2040.c.obj
                0x0000000010005558                dcd_edpt0_status_complete
 .text.dcd_edpt_open
                0x0000000010005574       0xe4 CMakeFiles/llcd_test.dir/home/luk/Dokumenty/pico-sdk/lib/tinyusb/src/portable/raspberrypi/rp2040/dcd_rp2040.c.obj
                0x0000000010005574                dcd_edpt_open
 .text.dcd_edpt_close_all
                0x0000000010005658       0xbc CMakeFiles/llcd_test.dir/home/luk/Dokumenty/pico-sdk/lib/tinyusb/src/portable/raspberrypi/rp2040/dcd_rp2040.c.obj
                0x0000000010005658                dcd_edpt_close_all
 .text.dcd_edpt_xfer
                0x0000000010005714       0x24 CMakeFiles/llcd_test.dir/home/luk/Dokumenty/pico-sdk/lib/tinyusb/src/portable/raspberrypi/rp2040/dcd_rp2040.c.obj
                0x0000000010005714                dcd_edpt_xfer
 .text.dcd_edpt_stall
                0x0000000010005738       0x34 CMakeFiles/llcd_test.dir/home/luk/Dokumenty/pico-sdk/lib/tinyusb/src/portable/raspberrypi/rp2040/dcd_rp2040.c.obj
                0x0000000010005738                dcd_edpt_stall
 .text.dcd_edpt_clear_stall
                0x000000001000576c       0x2c CMakeFiles/llcd_test.dir/home/luk/Dokumenty/pico-sdk/lib/tinyusb/src/portable/raspberrypi/rp2040/dcd_rp2040.c.obj
                0x000000001000576c                dcd_edpt_clear_stall
 .text._hw_endpoint_buffer_control_update32.part.2
                0x0000000010005798       0x20 CMakeFiles/llcd_test.dir/home/luk/Dokumenty/pico-sdk/lib/tinyusb/src/portable/raspberrypi/rp2040/rp2040_usb.c.obj
 .text.rp2040_usb_init
                0x00000000100057b8       0x4c CMakeFiles/llcd_test.dir/home/luk/Dokumenty/pico-sdk/lib/tinyusb/src/portable/raspberrypi/rp2040/rp2040_usb.c.obj
                0x00000000100057b8                rp2040_usb_init
 .text.hw_endpoint_reset_transfer
                0x0000000010005804        0xc CMakeFiles/llcd_test.dir/home/luk/Dokumenty/pico-sdk/lib/tinyusb/src/portable/raspberrypi/rp2040/rp2040_usb.c.obj
                0x0000000010005804                hw_endpoint_reset_transfer
 .text._hw_endpoint_buffer_control_update32
                0x0000000010005810       0x40 CMakeFiles/llcd_test.dir/home/luk/Dokumenty/pico-sdk/lib/tinyusb/src/portable/raspberrypi/rp2040/rp2040_usb.c.obj
                0x0000000010005810                _hw_endpoint_buffer_control_update32
 .text.hw_endpoint_xfer_start
                0x0000000010005850      0x138 CMakeFiles/llcd_test.dir/home/luk/Dokumenty/pico-sdk/lib/tinyusb/src/portable/raspberrypi/rp2040/rp2040_usb.c.obj
                0x0000000010005850                hw_endpoint_xfer_start
 .text.hw_endpoint_xfer_continue
                0x0000000010005988      0x1e0 CMakeFiles/llcd_test.dir/home/luk/Dokumenty/pico-sdk/lib/tinyusb/src/portable/raspberrypi/rp2040/rp2040_usb.c.obj
                0x0000000010005988                hw_endpoint_xfer_continue
 .text.tud_mounted
                0x0000000010005b68       0x10 CMakeFiles/llcd_test.dir/home/luk/Dokumenty/pico-sdk/lib/tinyusb/src/device/usbd.c.obj
                0x0000000010005b68                tud_mounted
 .text.tud_suspended
                0x0000000010005b78       0x10 CMakeFiles/llcd_test.dir/home/luk/Dokumenty/pico-sdk/lib/tinyusb/src/device/usbd.c.obj
                0x0000000010005b78                tud_suspended
 .text.tud_inited
                0x0000000010005b88        0xc CMakeFiles/llcd_test.dir/home/luk/Dokumenty/pico-sdk/lib/tinyusb/src/device/usbd.c.obj
                0x0000000010005b88                tud_inited
 .text.tud_init
                0x0000000010005b94       0xd4 CMakeFiles/llcd_test.dir/home/luk/Dokumenty/pico-sdk/lib/tinyusb/src/device/usbd.c.obj
                0x0000000010005b94                tud_init
 .text.tud_task
                0x0000000010005c68      0x928 CMakeFiles/llcd_test.dir/home/luk/Dokumenty/pico-sdk/lib/tinyusb/src/device/usbd.c.obj
                0x0000000010005c68                tud_task
 .text.dcd_event_bus_signal
                0x0000000010006590      0x124 CMakeFiles/llcd_test.dir/home/luk/Dokumenty/pico-sdk/lib/tinyusb/src/device/usbd.c.obj
                0x0000000010006590                dcd_event_bus_signal
 .text.dcd_event_bus_reset
                0x00000000100066b4       0x58 CMakeFiles/llcd_test.dir/home/luk/Dokumenty/pico-sdk/lib/tinyusb/src/device/usbd.c.obj
                0x00000000100066b4                dcd_event_bus_reset
 .text.dcd_event_setup_received
                0x000000001000670c       0x50 CMakeFiles/llcd_test.dir/home/luk/Dokumenty/pico-sdk/lib/tinyusb/src/device/usbd.c.obj
                0x000000001000670c                dcd_event_setup_received
 .text.dcd_event_xfer_complete
                0x000000001000675c       0x68 CMakeFiles/llcd_test.dir/home/luk/Dokumenty/pico-sdk/lib/tinyusb/src/device/usbd.c.obj
                0x000000001000675c                dcd_event_xfer_complete
 .text.usbd_open_edpt_pair
                0x00000000100067c4       0x9c CMakeFiles/llcd_test.dir/home/luk/Dokumenty/pico-sdk/lib/tinyusb/src/device/usbd.c.obj
                0x00000000100067c4                usbd_open_edpt_pair
 .text.usbd_edpt_open
                0x0000000010006860       0x30 CMakeFiles/llcd_test.dir/home/luk/Dokumenty/pico-sdk/lib/tinyusb/src/device/usbd.c.obj
                0x0000000010006860                usbd_edpt_open
 .text.usbd_edpt_claim
                0x0000000010006890       0x60 CMakeFiles/llcd_test.dir/home/luk/Dokumenty/pico-sdk/lib/tinyusb/src/device/usbd.c.obj
                0x0000000010006890                usbd_edpt_claim
 .text.usbd_edpt_release
                0x00000000100068f0       0x4c CMakeFiles/llcd_test.dir/home/luk/Dokumenty/pico-sdk/lib/tinyusb/src/device/usbd.c.obj
                0x00000000100068f0                usbd_edpt_release
 .text.usbd_edpt_xfer
                0x000000001000693c       0x48 CMakeFiles/llcd_test.dir/home/luk/Dokumenty/pico-sdk/lib/tinyusb/src/device/usbd.c.obj
                0x000000001000693c                usbd_edpt_xfer
 .text.tud_control_status
                0x0000000010006984       0x30 CMakeFiles/llcd_test.dir/home/luk/Dokumenty/pico-sdk/lib/tinyusb/src/device/usbd_control.c.obj
                0x0000000010006984                tud_control_status
 .text.tud_control_xfer
                0x00000000100069b4       0xb4 CMakeFiles/llcd_test.dir/home/luk/Dokumenty/pico-sdk/lib/tinyusb/src/device/usbd_control.c.obj
                0x00000000100069b4                tud_control_xfer
 .text.usbd_control_reset
                0x0000000010006a68       0x14 CMakeFiles/llcd_test.dir/home/luk/Dokumenty/pico-sdk/lib/tinyusb/src/device/usbd_control.c.obj
                0x0000000010006a68                usbd_control_reset
 .text.usbd_control_set_complete_callback
                0x0000000010006a7c        0xc CMakeFiles/llcd_test.dir/home/luk/Dokumenty/pico-sdk/lib/tinyusb/src/device/usbd_control.c.obj
                0x0000000010006a7c                usbd_control_set_complete_callback
 .text.usbd_control_set_request
                0x0000000010006a88       0x1c CMakeFiles/llcd_test.dir/home/luk/Dokumenty/pico-sdk/lib/tinyusb/src/device/usbd_control.c.obj
                0x0000000010006a88                usbd_control_set_request
 .text.usbd_control_xfer_cb
                0x0000000010006aa4       0xfc CMakeFiles/llcd_test.dir/home/luk/Dokumenty/pico-sdk/lib/tinyusb/src/device/usbd_control.c.obj
                0x0000000010006aa4                usbd_control_xfer_cb
 .text.tud_cdc_n_connected
                0x0000000010006ba0       0x30 CMakeFiles/llcd_test.dir/home/luk/Dokumenty/pico-sdk/lib/tinyusb/src/class/cdc/cdc_device.c.obj
                0x0000000010006ba0                tud_cdc_n_connected
 .text.tud_cdc_n_available
                0x0000000010006bd0       0x18 CMakeFiles/llcd_test.dir/home/luk/Dokumenty/pico-sdk/lib/tinyusb/src/class/cdc/cdc_device.c.obj
                0x0000000010006bd0                tud_cdc_n_available
 .text.tud_cdc_n_read
                0x0000000010006be8       0x70 CMakeFiles/llcd_test.dir/home/luk/Dokumenty/pico-sdk/lib/tinyusb/src/class/cdc/cdc_device.c.obj
                0x0000000010006be8                tud_cdc_n_read
 .text.tud_cdc_n_write_flush
                0x0000000010006c58       0x78 CMakeFiles/llcd_test.dir/home/luk/Dokumenty/pico-sdk/lib/tinyusb/src/class/cdc/cdc_device.c.obj
                0x0000000010006c58                tud_cdc_n_write_flush
 .text.tud_cdc_n_write
                0x0000000010006cd0       0x34 CMakeFiles/llcd_test.dir/home/luk/Dokumenty/pico-sdk/lib/tinyusb/src/class/cdc/cdc_device.c.obj
                0x0000000010006cd0                tud_cdc_n_write
 .text.tud_cdc_n_write_available
                0x0000000010006d04       0x18 CMakeFiles/llcd_test.dir/home/luk/Dokumenty/pico-sdk/lib/tinyusb/src/class/cdc/cdc_device.c.obj
                0x0000000010006d04                tud_cdc_n_write_available
 .text.cdcd_init
                0x0000000010006d1c       0x7c CMakeFiles/llcd_test.dir/home/luk/Dokumenty/pico-sdk/lib/tinyusb/src/class/cdc/cdc_device.c.obj
                0x0000000010006d1c                cdcd_init
 .text.cdcd_reset
                0x0000000010006d98       0x2c CMakeFiles/llcd_test.dir/home/luk/Dokumenty/pico-sdk/lib/tinyusb/src/class/cdc/cdc_device.c.obj
                0x0000000010006d98                cdcd_reset
 .text.cdcd_open
                0x0000000010006dc4       0xe4 CMakeFiles/llcd_test.dir/home/luk/Dokumenty/pico-sdk/lib/tinyusb/src/class/cdc/cdc_device.c.obj
                0x0000000010006dc4                cdcd_open
 .text.cdcd_control_xfer_cb
                0x0000000010006ea8       0xdc CMakeFiles/llcd_test.dir/home/luk/Dokumenty/pico-sdk/lib/tinyusb/src/class/cdc/cdc_device.c.obj
                0x0000000010006ea8                cdcd_control_xfer_cb
 .text.cdcd_xfer_cb
                0x0000000010006f84      0x19c CMakeFiles/llcd_test.dir/home/luk/Dokumenty/pico-sdk/lib/tinyusb/src/class/cdc/cdc_device.c.obj
                0x0000000010006f84                cdcd_xfer_cb
 .text.tusb_init
                0x0000000010007120        0xc CMakeFiles/llcd_test.dir/home/luk/Dokumenty/pico-sdk/lib/tinyusb/src/tusb.c.obj
                0x0000000010007120                tusb_init
 .text.tusb_inited
                0x000000001000712c        0x8 CMakeFiles/llcd_test.dir/home/luk/Dokumenty/pico-sdk/lib/tinyusb/src/tusb.c.obj
                0x000000001000712c                tusb_inited
 .text.tu_edpt_validate
                0x0000000010007134       0x74 CMakeFiles/llcd_test.dir/home/luk/Dokumenty/pico-sdk/lib/tinyusb/src/tusb.c.obj
                0x0000000010007134                tu_edpt_validate
 .text.tu_edpt_bind_driver
                0x00000000100071a8       0x2c CMakeFiles/llcd_test.dir/home/luk/Dokumenty/pico-sdk/lib/tinyusb/src/tusb.c.obj
                0x00000000100071a8                tu_edpt_bind_driver
 .text.tu_fifo_config
                0x00000000100071d4       0x78 CMakeFiles/llcd_test.dir/home/luk/Dokumenty/pico-sdk/lib/tinyusb/src/common/tusb_fifo.c.obj
                0x00000000100071d4                tu_fifo_config
 .text.tu_fifo_count
                0x000000001000724c       0x24 CMakeFiles/llcd_test.dir/home/luk/Dokumenty/pico-sdk/lib/tinyusb/src/common/tusb_fifo.c.obj
                0x000000001000724c                tu_fifo_count
 .text.tu_fifo_empty
                0x0000000010007270       0x10 CMakeFiles/llcd_test.dir/home/luk/Dokumenty/pico-sdk/lib/tinyusb/src/common/tusb_fifo.c.obj
                0x0000000010007270                tu_fifo_empty
 .text.tu_fifo_remaining
                0x0000000010007280       0x20 CMakeFiles/llcd_test.dir/home/luk/Dokumenty/pico-sdk/lib/tinyusb/src/common/tusb_fifo.c.obj
                0x0000000010007280                tu_fifo_remaining
 .text.tu_fifo_read
                0x00000000100072a0       0xa0 CMakeFiles/llcd_test.dir/home/luk/Dokumenty/pico-sdk/lib/tinyusb/src/common/tusb_fifo.c.obj
                0x00000000100072a0                tu_fifo_read
 .text.tu_fifo_read_n
                0x0000000010007340       0xf8 CMakeFiles/llcd_test.dir/home/luk/Dokumenty/pico-sdk/lib/tinyusb/src/common/tusb_fifo.c.obj
                0x0000000010007340                tu_fifo_read_n
 .text.tu_fifo_write
                0x0000000010007438       0x80 CMakeFiles/llcd_test.dir/home/luk/Dokumenty/pico-sdk/lib/tinyusb/src/common/tusb_fifo.c.obj
                0x0000000010007438                tu_fifo_write
 .text.tu_fifo_write_n
                0x00000000100074b8       0xfc CMakeFiles/llcd_test.dir/home/luk/Dokumenty/pico-sdk/lib/tinyusb/src/common/tusb_fifo.c.obj
                0x00000000100074b8                tu_fifo_write_n
 .text.tu_fifo_clear
                0x00000000100075b4       0x4c CMakeFiles/llcd_test.dir/home/luk/Dokumenty/pico-sdk/lib/tinyusb/src/common/tusb_fifo.c.obj
                0x00000000100075b4                tu_fifo_clear
 .text.tu_fifo_set_overwritable
                0x0000000010007600       0x3c CMakeFiles/llcd_test.dir/home/luk/Dokumenty/pico-sdk/lib/tinyusb/src/common/tusb_fifo.c.obj
                0x0000000010007600                tu_fifo_set_overwritable
 .text.startup._retrieve_unique_id_on_boot
                0x000000001000763c       0x10 CMakeFiles/llcd_test.dir/home/luk/Dokumenty/pico-sdk/src/rp2_common/pico_unique_id/unique_id.c.obj
 .text.pico_get_unique_board_id_string
                0x000000001000764c      0x1cc CMakeFiles/llcd_test.dir/home/luk/Dokumenty/pico-sdk/src/rp2_common/pico_unique_id/unique_id.c.obj
                0x000000001000764c                pico_get_unique_board_id_string
 .text.flash_get_unique_id
                0x0000000010007818       0x3c CMakeFiles/llcd_test.dir/home/luk/Dokumenty/pico-sdk/src/rp2_common/hardware_flash/flash.c.obj
                0x0000000010007818                flash_get_unique_id
 .text.spi_init
                0x0000000010007854       0xf4 CMakeFiles/llcd_test.dir/home/luk/Dokumenty/pico-sdk/src/rp2_common/hardware_spi/spi.c.obj
                0x0000000010007854                spi_init
 .text.i2c_init
                0x0000000010007948      0x108 CMakeFiles/llcd_test.dir/home/luk/Dokumenty/pico-sdk/src/rp2_common/hardware_i2c/i2c.c.obj
                0x0000000010007948                i2c_init
 .text._ZN4llcd4llcdC2ESt8functionIFvRNS_3ctxEEE
                0x0000000010007a50       0x50 libllcd.a(llcd.cpp.obj)
                0x0000000010007a50                llcd::llcd::llcd(std::function<void (llcd::ctx&)>)
                0x0000000010007a50                llcd::llcd::llcd(std::function<void (llcd::ctx&)>)
 .text._ZN4llcd3ctx8drawRectEttttt
                0x0000000010007aa0       0x48 libllcd.a(llcd.cpp.obj)
                0x0000000010007aa0                llcd::ctx::drawRect(unsigned short, unsigned short, unsigned short, unsigned short, unsigned short)
 .text._ZN4llcd3ctx4fillEt
                0x0000000010007ae8       0x44 libllcd.a(llcd.cpp.obj)
                0x0000000010007ae8                llcd::ctx::fill(unsigned short)
 .text._Z17DEV_Digital_Writeth
                0x0000000010007b2c       0x14 libllcd.a(DEV_Config.cpp.obj)
                0x0000000010007b2c                DEV_Digital_Write(unsigned short, unsigned char)
 .text._Z17DEV_SPI_WriteByteh
                0x0000000010007b40       0x1c libllcd.a(DEV_Config.cpp.obj)
                0x0000000010007b40                DEV_SPI_WriteByte(unsigned char)
 .text._Z19DEV_SPI_Write_nBytePhm
                0x0000000010007b5c       0x14 libllcd.a(DEV_Config.cpp.obj)
                0x0000000010007b5c                DEV_SPI_Write_nByte(unsigned char*, unsigned long)
 .text._Z12DEV_Delay_msm
                0x0000000010007b70        0x8 libllcd.a(DEV_Config.cpp.obj)
                0x0000000010007b70                DEV_Delay_ms(unsigned long)
 .text._Z13DEV_GPIO_Initv
                0x0000000010007b78       0xa8 libllcd.a(DEV_Config.cpp.obj)
                0x0000000010007b78                DEV_GPIO_Init()
 .text._Z15DEV_Module_Initv
                0x0000000010007c20      0x12c libllcd.a(DEV_Config.cpp.obj)
                0x0000000010007c20                DEV_Module_Init()
 .text._Z11DEV_SET_PWMh
                0x0000000010007d4c       0x40 libllcd.a(DEV_Config.cpp.obj)
                0x0000000010007d4c                DEV_SET_PWM(unsigned char)
 .text._Z14LCD_1IN14_Initv
                0x0000000010007d8c      0x764 libllcd.a(LCD_1in14.cpp.obj)
                0x0000000010007d8c                LCD_1IN14_Init()
 .text._Z17LCD_1IN14_DisplayPt
                0x00000000100084f0      0x1b4 libllcd.a(LCD_1in14.cpp.obj)
                0x00000000100084f0                LCD_1IN14_Display(unsigned short*)
 .text._ZNKSt17bad_function_call4whatEv
                0x00000000100086a4        0x8 /usr/lib/gcc/arm-none-eabi/8.3.1/../../../arm-none-eabi/lib/thumb/v6-m/nofp/libstdc++.a(functional.o)
                0x00000000100086a4                std::bad_function_call::what() const
 .text._ZNSt17bad_function_callD2Ev
                0x00000000100086ac       0x18 /usr/lib/gcc/arm-none-eabi/8.3.1/../../../arm-none-eabi/lib/thumb/v6-m/nofp/libstdc++.a(functional.o)
                0x00000000100086ac                std::bad_function_call::~bad_function_call()
                0x00000000100086ac                std::bad_function_call::~bad_function_call()
 .text._ZNSt17bad_function_callD0Ev
                0x00000000100086c4       0x1c /usr/lib/gcc/arm-none-eabi/8.3.1/../../../arm-none-eabi/lib/thumb/v6-m/nofp/libstdc++.a(functional.o)
                0x00000000100086c4                std::bad_function_call::~bad_function_call()
 .text._ZSt25__throw_bad_function_callv
                0x00000000100086e0       0x24 /usr/lib/gcc/arm-none-eabi/8.3.1/../../../arm-none-eabi/lib/thumb/v6-m/nofp/libstdc++.a(functional.o)
                0x00000000100086e0                std::__throw_bad_function_call()
 .text._ZN10__cxxabiv120__si_class_type_infoD2Ev
                0x0000000010008704       0x18 /usr/lib/gcc/arm-none-eabi/8.3.1/../../../arm-none-eabi/lib/thumb/v6-m/nofp/libstdc++.a(si_class_type_info.o)
                0x0000000010008704                __cxxabiv1::__si_class_type_info::~__si_class_type_info()
                0x0000000010008704                __cxxabiv1::__si_class_type_info::~__si_class_type_info()
 .text._ZN10__cxxabiv120__si_class_type_infoD0Ev
                0x000000001000871c       0x20 /usr/lib/gcc/arm-none-eabi/8.3.1/../../../arm-none-eabi/lib/thumb/v6-m/nofp/libstdc++.a(si_class_type_info.o)
                0x000000001000871c                __cxxabiv1::__si_class_type_info::~__si_class_type_info()
 .text._ZNK10__cxxabiv120__si_class_type_info20__do_find_public_srcEiPKvPKNS_17__class_type_infoES2_
                0x000000001000873c       0x38 /usr/lib/gcc/arm-none-eabi/8.3.1/../../../arm-none-eabi/lib/thumb/v6-m/nofp/libstdc++.a(si_class_type_info.o)
                0x000000001000873c                __cxxabiv1::__si_class_type_info::__do_find_public_src(int, void const*, __cxxabiv1::__class_type_info const*, void const*) const
 .text._ZNK10__cxxabiv120__si_class_type_info12__do_dyncastEiNS_17__class_type_info10__sub_kindEPKS1_PKvS4_S6_RNS1_16__dyncast_resultE
                0x0000000010008774       0x9c /usr/lib/gcc/arm-none-eabi/8.3.1/../../../arm-none-eabi/lib/thumb/v6-m/nofp/libstdc++.a(si_class_type_info.o)
                0x0000000010008774                __cxxabiv1::__si_class_type_info::__do_dyncast(int, __cxxabiv1::__class_type_info::__sub_kind, __cxxabiv1::__class_type_info const*, void const*, __cxxabiv1::__class_type_info const*, void const*, __cxxabiv1::__class_type_info::__dyncast_result&) const
 .text._ZNK10__cxxabiv120__si_class_type_info11__do_upcastEPKNS_17__class_type_infoEPKvRNS1_15__upcast_resultE
                0x0000000010008810       0x24 /usr/lib/gcc/arm-none-eabi/8.3.1/../../../arm-none-eabi/lib/thumb/v6-m/nofp/libstdc++.a(si_class_type_info.o)
                0x0000000010008810                __cxxabiv1::__si_class_type_info::__do_upcast(__cxxabiv1::__class_type_info const*, void const*, __cxxabiv1::__class_type_info::__upcast_result&) const
 .text._ZL23__gxx_exception_cleanup19_Unwind_Reason_CodeP21_Unwind_Control_Block
                0x0000000010008834       0x34 /usr/lib/gcc/arm-none-eabi/8.3.1/../../../arm-none-eabi/lib/thumb/v6-m/nofp/libstdc++.a(eh_throw.o)
 .text.__cxa_init_primary_exception
                0x0000000010008868       0x4c /usr/lib/gcc/arm-none-eabi/8.3.1/../../../arm-none-eabi/lib/thumb/v6-m/nofp/libstdc++.a(eh_throw.o)
                0x0000000010008868                __cxa_init_primary_exception
 .text.__cxa_throw
                0x00000000100088b4       0x34 /usr/lib/gcc/arm-none-eabi/8.3.1/../../../arm-none-eabi/lib/thumb/v6-m/nofp/libstdc++.a(eh_throw.o)
                0x00000000100088b4                __cxa_throw
 .text.__cxa_rethrow
                0x00000000100088e8       0x70 /usr/lib/gcc/arm-none-eabi/8.3.1/../../../arm-none-eabi/lib/thumb/v6-m/nofp/libstdc++.a(eh_throw.o)
                0x00000000100088e8                __cxa_rethrow
 .text._ZN10__cxxabiv111__terminateEPFvvE
                0x0000000010008958       0x28 /usr/lib/gcc/arm-none-eabi/8.3.1/../../../arm-none-eabi/lib/thumb/v6-m/nofp/libstdc++.a(eh_terminate.o)
                0x0000000010008958                __cxxabiv1::__terminate(void (*)())
 .text._ZSt9terminatev
                0x0000000010008980       0x10 /usr/lib/gcc/arm-none-eabi/8.3.1/../../../arm-none-eabi/lib/thumb/v6-m/nofp/libstdc++.a(eh_terminate.o)
                0x0000000010008980                std::terminate()
 .text._ZN10__cxxabiv112__unexpectedEPFvvE
                0x0000000010008990        0x8 /usr/lib/gcc/arm-none-eabi/8.3.1/../../../arm-none-eabi/lib/thumb/v6-m/nofp/libstdc++.a(eh_terminate.o)
                0x0000000010008990                __cxxabiv1::__unexpected(void (*)())
 .text._ZSt10unexpectedv
                0x0000000010008998       0x10 /usr/lib/gcc/arm-none-eabi/8.3.1/../../../arm-none-eabi/lib/thumb/v6-m/nofp/libstdc++.a(eh_terminate.o)
                0x0000000010008998                std::unexpected()
 .text._ZSt13get_terminatev
                0x00000000100089a8        0xc /usr/lib/gcc/arm-none-eabi/8.3.1/../../../arm-none-eabi/lib/thumb/v6-m/nofp/libstdc++.a(eh_terminate.o)
                0x00000000100089a8                std::get_terminate()
 .text._ZSt14get_unexpectedv
                0x00000000100089b4        0xc /usr/lib/gcc/arm-none-eabi/8.3.1/../../../arm-none-eabi/lib/thumb/v6-m/nofp/libstdc++.a(eh_terminate.o)
                0x00000000100089b4                std::get_unexpected()
 .text._ZL28read_encoded_value_with_basehjPKhPj
                0x00000000100089c0      0x10c /usr/lib/gcc/arm-none-eabi/8.3.1/../../../arm-none-eabi/lib/thumb/v6-m/nofp/libstdc++.a(eh_personality.o)
 .text._ZL21base_of_encoded_valuehP15_Unwind_Context
                0x0000000010008acc       0x48 /usr/lib/gcc/arm-none-eabi/8.3.1/../../../arm-none-eabi/lib/thumb/v6-m/nofp/libstdc++.a(eh_personality.o)
 .text._ZL17parse_lsda_headerP15_Unwind_ContextPKhP16lsda_header_info
                0x0000000010008b14       0x9c /usr/lib/gcc/arm-none-eabi/8.3.1/../../../arm-none-eabi/lib/thumb/v6-m/nofp/libstdc++.a(eh_personality.o)
 .text.__gxx_personality_v0
                0x0000000010008bb0      0x4a4 /usr/lib/gcc/arm-none-eabi/8.3.1/../../../arm-none-eabi/lib/thumb/v6-m/nofp/libstdc++.a(eh_personality.o)
                0x0000000010008bb0                __gxx_personality_v0
 .text.__cxa_get_globals_fast
                0x0000000010009054        0x8 /usr/lib/gcc/arm-none-eabi/8.3.1/../../../arm-none-eabi/lib/thumb/v6-m/nofp/libstdc++.a(eh_globals.o)
                0x0000000010009054                __cxa_get_globals_fast
 .text.__cxa_get_globals
                0x000000001000905c        0x8 /usr/lib/gcc/arm-none-eabi/8.3.1/../../../arm-none-eabi/lib/thumb/v6-m/nofp/libstdc++.a(eh_globals.o)
                0x000000001000905c                __cxa_get_globals
 .text._ZNSt9exceptionD2Ev
                0x0000000010009064        0x4 /usr/lib/gcc/arm-none-eabi/8.3.1/../../../arm-none-eabi/lib/thumb/v6-m/nofp/libstdc++.a(eh_exception.o)
                0x0000000010009064                std::exception::~exception()
                0x0000000010009064                std::exception::~exception()
 .text._ZNSt13bad_exceptionD2Ev
                0x0000000010009068        0x4 /usr/lib/gcc/arm-none-eabi/8.3.1/../../../arm-none-eabi/lib/thumb/v6-m/nofp/libstdc++.a(eh_exception.o)
                0x0000000010009068                std::bad_exception::~bad_exception()
                0x0000000010009068                std::bad_exception::~bad_exception()
 .text._ZNKSt13bad_exception4whatEv
                0x000000001000906c        0x8 /usr/lib/gcc/arm-none-eabi/8.3.1/../../../arm-none-eabi/lib/thumb/v6-m/nofp/libstdc++.a(eh_exception.o)
                0x000000001000906c                transaction clone for std::bad_exception::what() const
                0x000000001000906c                std::bad_exception::what() const
 .text._ZNSt13bad_exceptionD0Ev
                0x0000000010009074       0x10 /usr/lib/gcc/arm-none-eabi/8.3.1/../../../arm-none-eabi/lib/thumb/v6-m/nofp/libstdc++.a(eh_exception.o)
                0x0000000010009074                std::bad_exception::~bad_exception()
 .text.__cxa_begin_catch
                0x0000000010009084       0x74 /usr/lib/gcc/arm-none-eabi/8.3.1/../../../arm-none-eabi/lib/thumb/v6-m/nofp/libstdc++.a(eh_catch.o)
                0x0000000010009084                __cxa_begin_catch
 .text.__cxa_end_catch
                0x00000000100090f8       0x8c /usr/lib/gcc/arm-none-eabi/8.3.1/../../../arm-none-eabi/lib/thumb/v6-m/nofp/libstdc++.a(eh_catch.o)
                0x00000000100090f8                __cxa_end_catch
 .text._ZN10__cxxabiv1L24__is_gxx_exception_classEPc
                0x0000000010009184       0x3c /usr/lib/gcc/arm-none-eabi/8.3.1/../../../arm-none-eabi/lib/thumb/v6-m/nofp/libstdc++.a(eh_call.o)
 .text.__cxa_call_terminate
                0x00000000100091c0       0x20 /usr/lib/gcc/arm-none-eabi/8.3.1/../../../arm-none-eabi/lib/thumb/v6-m/nofp/libstdc++.a(eh_call.o)
                0x00000000100091c0                __cxa_call_terminate
 .text.unlikely.__cxa_call_unexpected
                0x00000000100091e0      0x100 /usr/lib/gcc/arm-none-eabi/8.3.1/../../../arm-none-eabi/lib/thumb/v6-m/nofp/libstdc++.a(eh_call.o)
                0x00000000100091e0                __cxa_call_unexpected
 .text.__cxa_end_cleanup
                0x00000000100092e0        0xc /usr/lib/gcc/arm-none-eabi/8.3.1/../../../arm-none-eabi/lib/thumb/v6-m/nofp/libstdc++.a(eh_arm.o)
                0x00000000100092e0                __cxa_end_cleanup
 .text.__cxa_type_match
                0x00000000100092ec       0xd0 /usr/lib/gcc/arm-none-eabi/8.3.1/../../../arm-none-eabi/lib/thumb/v6-m/nofp/libstdc++.a(eh_arm.o)
                0x00000000100092ec                __cxa_type_match
 .text.__cxa_begin_cleanup
                0x00000000100093bc       0x60 /usr/lib/gcc/arm-none-eabi/8.3.1/../../../arm-none-eabi/lib/thumb/v6-m/nofp/libstdc++.a(eh_arm.o)
                0x00000000100093bc                __cxa_begin_cleanup
 .text.__gnu_end_cleanup
                0x000000001000941c       0x70 /usr/lib/gcc/arm-none-eabi/8.3.1/../../../arm-none-eabi/lib/thumb/v6-m/nofp/libstdc++.a(eh_arm.o)
                0x000000001000941c                __gnu_end_cleanup
 .text._ZN12_GLOBAL__N_14pool4freeEPv.constprop.4
                0x000000001000948c       0x84 /usr/lib/gcc/arm-none-eabi/8.3.1/../../../arm-none-eabi/lib/thumb/v6-m/nofp/libstdc++.a(eh_alloc.o)
 .text._ZN12_GLOBAL__N_14pool8allocateEj.constprop.5
                0x0000000010009510       0x64 /usr/lib/gcc/arm-none-eabi/8.3.1/../../../arm-none-eabi/lib/thumb/v6-m/nofp/libstdc++.a(eh_alloc.o)
 .text.__cxa_allocate_exception
                0x0000000010009574       0x2c /usr/lib/gcc/arm-none-eabi/8.3.1/../../../arm-none-eabi/lib/thumb/v6-m/nofp/libstdc++.a(eh_alloc.o)
                0x0000000010009574                __cxa_allocate_exception
 .text.__cxa_free_exception
                0x00000000100095a0       0x24 /usr/lib/gcc/arm-none-eabi/8.3.1/../../../arm-none-eabi/lib/thumb/v6-m/nofp/libstdc++.a(eh_alloc.o)
                0x00000000100095a0                __cxa_free_exception
 .text.startup._GLOBAL__sub_I__ZN9__gnu_cxx9__freeresEv
                0x00000000100095c4       0x2c /usr/lib/gcc/arm-none-eabi/8.3.1/../../../arm-none-eabi/lib/thumb/v6-m/nofp/libstdc++.a(eh_alloc.o)
 .text._ZNK10__cxxabiv117__class_type_info11__do_upcastEPKS0_PPv
                0x00000000100095f0       0x38 /usr/lib/gcc/arm-none-eabi/8.3.1/../../../arm-none-eabi/lib/thumb/v6-m/nofp/libstdc++.a(class_type_info.o)
                0x00000000100095f0                __cxxabiv1::__class_type_info::__do_upcast(__cxxabiv1::__class_type_info const*, void**) const
 .text._ZNK10__cxxabiv117__class_type_info20__do_find_public_srcEiPKvPKS0_S2_
                0x0000000010009628       0x14 /usr/lib/gcc/arm-none-eabi/8.3.1/../../../arm-none-eabi/lib/thumb/v6-m/nofp/libstdc++.a(class_type_info.o)
                0x0000000010009628                __cxxabiv1::__class_type_info::__do_find_public_src(int, void const*, __cxxabiv1::__class_type_info const*, void const*) const
 .text._ZN10__cxxabiv117__class_type_infoD2Ev
                0x000000001000963c       0x18 /usr/lib/gcc/arm-none-eabi/8.3.1/../../../arm-none-eabi/lib/thumb/v6-m/nofp/libstdc++.a(class_type_info.o)
                0x000000001000963c                __cxxabiv1::__class_type_info::~__class_type_info()
                0x000000001000963c                __cxxabiv1::__class_type_info::~__class_type_info()
 .text._ZN10__cxxabiv117__class_type_infoD0Ev
                0x0000000010009654       0x20 /usr/lib/gcc/arm-none-eabi/8.3.1/../../../arm-none-eabi/lib/thumb/v6-m/nofp/libstdc++.a(class_type_info.o)
                0x0000000010009654                __cxxabiv1::__class_type_info::~__class_type_info()
 .text._ZNK10__cxxabiv117__class_type_info12__do_dyncastEiNS0_10__sub_kindEPKS0_PKvS3_S5_RNS0_16__dyncast_resultE
                0x0000000010009674       0x40 /usr/lib/gcc/arm-none-eabi/8.3.1/../../../arm-none-eabi/lib/thumb/v6-m/nofp/libstdc++.a(class_type_info.o)
                0x0000000010009674                __cxxabiv1::__class_type_info::__do_dyncast(int, __cxxabiv1::__class_type_info::__sub_kind, __cxxabiv1::__class_type_info const*, void const*, __cxxabiv1::__class_type_info const*, void const*, __cxxabiv1::__class_type_info::__dyncast_result&) const
 .text._ZNK10__cxxabiv117__class_type_info11__do_upcastEPKS0_PKvRNS0_15__upcast_resultE
                0x00000000100096b4       0x1c /usr/lib/gcc/arm-none-eabi/8.3.1/../../../arm-none-eabi/lib/thumb/v6-m/nofp/libstdc++.a(class_type_info.o)
                0x00000000100096b4                __cxxabiv1::__class_type_info::__do_upcast(__cxxabiv1::__class_type_info const*, void const*, __cxxabiv1::__class_type_info::__upcast_result&) const
 .text._ZNK10__cxxabiv117__class_type_info10__do_catchEPKSt9type_infoPPvj
                0x00000000100096d0       0x24 /usr/lib/gcc/arm-none-eabi/8.3.1/../../../arm-none-eabi/lib/thumb/v6-m/nofp/libstdc++.a(class_type_info.o)
                0x00000000100096d0                __cxxabiv1::__class_type_info::__do_catch(std::type_info const*, void**, unsigned int) const
 .text._ZNSt9type_infoD2Ev
                0x00000000100096f4        0x4 /usr/lib/gcc/arm-none-eabi/8.3.1/../../../arm-none-eabi/lib/thumb/v6-m/nofp/libstdc++.a(tinfo.o)
                0x00000000100096f4                std::type_info::~type_info()
                0x00000000100096f4                std::type_info::~type_info()
 .text._ZNKSt9type_info14__is_pointer_pEv
                0x00000000100096f8        0x4 /usr/lib/gcc/arm-none-eabi/8.3.1/../../../arm-none-eabi/lib/thumb/v6-m/nofp/libstdc++.a(tinfo.o)
                0x00000000100096f8                std::type_info::__is_function_p() const
                0x00000000100096f8                std::type_info::__is_pointer_p() const
 .text._ZNKSt9type_infoeqERKS_
                0x00000000100096fc       0x30 /usr/lib/gcc/arm-none-eabi/8.3.1/../../../arm-none-eabi/lib/thumb/v6-m/nofp/libstdc++.a(tinfo.o)
                0x00000000100096fc                std::type_info::operator==(std::type_info const&) const
 .text          0x000000001000972c       0x10 /usr/lib/gcc/arm-none-eabi/8.3.1/../../../arm-none-eabi/lib/thumb/v6-m/nofp/libc.a(lib_a-abort.o)
                0x000000001000972c                abort
 .text          0x000000001000973c       0x28 /usr/lib/gcc/arm-none-eabi/8.3.1/../../../arm-none-eabi/lib/thumb/v6-m/nofp/libc.a(lib_a-malloc.o)
                0x000000001000973c                malloc
                0x0000000010009750                free
 .text          0x0000000010009764      0x58c /usr/lib/gcc/arm-none-eabi/8.3.1/../../../arm-none-eabi/lib/thumb/v6-m/nofp/libc.a(lib_a-mallocr.o)
                0x0000000010009764                _malloc_r
 .text          0x0000000010009cf0        0x8 /usr/lib/gcc/arm-none-eabi/8.3.1/../../../arm-none-eabi/lib/thumb/v6-m/nofp/libc.a(lib_a-mlock.o)
                0x0000000010009cf0                __malloc_lock
                0x0000000010009cf4                __malloc_unlock
 .text          0x0000000010009cf8       0x24 /usr/lib/gcc/arm-none-eabi/8.3.1/../../../arm-none-eabi/lib/thumb/v6-m/nofp/libc.a(lib_a-sbrkr.o)
                0x0000000010009cf8                _sbrk_r
 .text          0x0000000010009d1c      0x190 /usr/lib/gcc/arm-none-eabi/8.3.1/../../../arm-none-eabi/lib/thumb/v6-m/nofp/libc.a(lib_a-signal.o)
                0x0000000010009d48                _init_signal_r
                0x0000000010009d64                _signal_r
                0x0000000010009da0                _raise_r
                0x0000000010009dfc                __sigtramp_r
                0x0000000010009e4c                raise
                0x0000000010009e60                signal
                0x0000000010009e78                _init_signal
                0x0000000010009e98                __sigtramp
 .text          0x0000000010009eac       0x30 /usr/lib/gcc/arm-none-eabi/8.3.1/../../../arm-none-eabi/lib/thumb/v6-m/nofp/libc.a(lib_a-signalr.o)
                0x0000000010009eac                _kill_r
                0x0000000010009ed4                _getpid_r
 .text          0x0000000010009edc       0x88 /usr/lib/gcc/arm-none-eabi/8.3.1/../../../arm-none-eabi/lib/thumb/v6-m/nofp/libc.a(lib_a-strcmp.o)
                0x0000000010009edc                strcmp
 .text          0x0000000010009f64       0x68 /usr/lib/gcc/arm-none-eabi/8.3.1/../../../arm-none-eabi/lib/thumb/v6-m/nofp/libc.a(lib_a-strlen-stub.o)
                0x0000000010009f64                strlen
 .text          0x0000000010009fcc      0x27c /usr/lib/gcc/arm-none-eabi/8.3.1/../../../arm-none-eabi/lib/thumb/v6-m/nofp/libc.a(lib_a-freer.o)
                0x0000000010009fcc                _malloc_trim_r
                0x000000001000a06c                _free_r
 .text          0x000000001000a248       0x10 /usr/lib/gcc/arm-none-eabi/8.3.1/../../../arm-none-eabi/lib/thumb/v6-m/nofp/libnosys.a(getpid.o)
                0x000000001000a248                _getpid
 .text          0x000000001000a258       0x10 /usr/lib/gcc/arm-none-eabi/8.3.1/../../../arm-none-eabi/lib/thumb/v6-m/nofp/libnosys.a(kill.o)
                0x000000001000a258                _kill
 *(.fini)
 .fini          0x000000001000a268        0x4 /usr/lib/gcc/arm-none-eabi/8.3.1/thumb/v6-m/nofp/crti.o
                0x000000001000a268                _fini
 *fill*         0x000000001000a26c        0x4 
 .fini.__stub   0x000000001000a270      0x140 linker stubs
 *crtbegin.o(.ctors)
 *crtbegin?.o(.ctors)
 *(EXCLUDE_FILE(*crtend.o *crtend?.o) .ctors)
 *(SORT_BY_NAME(.ctors.*))
 *(.ctors)
 *crtbegin.o(.dtors)
 *crtbegin?.o(.dtors)
 *(EXCLUDE_FILE(*crtend.o *crtend?.o) .dtors)
 *(SORT_BY_NAME(.dtors.*))
 *(.dtors)
 *(.eh_frame*)
 .eh_frame      0x000000001000a3b0        0x0 /usr/lib/gcc/arm-none-eabi/8.3.1/thumb/v6-m/nofp/crtbegin.o
                0x000000001000a3b0                . = ALIGN (0x4)

.glue_7         0x000000001000a3b0        0x0
 .glue_7        0x000000001000a3b0        0x0 linker stubs

.glue_7t        0x000000001000a3b0        0x0
 .glue_7t       0x000000001000a3b0        0x0 linker stubs

.vfp11_veneer   0x000000001000a3b0        0x0
 .vfp11_veneer  0x000000001000a3b0        0x0 linker stubs

.v4_bx          0x000000001000a3b0        0x0
 .v4_bx         0x000000001000a3b0        0x0 linker stubs

.iplt           0x000000001000a3b0        0x0
 .iplt          0x000000001000a3b0        0x0 /usr/lib/gcc/arm-none-eabi/8.3.1/thumb/v6-m/nofp/crtbegin.o

.rodata         0x000000001000a3b0      0x7a4
 *(EXCLUDE_FILE(*libm.a: *libc.a:*lib_a-mem*.o *libgcc.a:) .rodata*)
 .rodata.spin_lock_claim_unused.str1.4
                0x000000001000a3b0       0x1b CMakeFiles/llcd_test.dir/home/luk/Dokumenty/pico-sdk/src/rp2_common/hardware_sync/sync.c.obj
 *fill*         0x000000001000a3cb        0x1 
 .rodata.user_irq_claim_unused.str1.4
                0x000000001000a3cc       0x1b CMakeFiles/llcd_test.dir/home/luk/Dokumenty/pico-sdk/src/rp2_common/hardware_irq/irq.c.obj
 *fill*         0x000000001000a3e7        0x1 
 .rodata.hardware_alarm_claim.str1.4
                0x000000001000a3e8       0x22 CMakeFiles/llcd_test.dir/home/luk/Dokumenty/pico-sdk/src/rp2_common/hardware_timer/timer.c.obj
 *fill*         0x000000001000a40a        0x2 
 .rodata.hard_assertion_failure.str1.4
                0x000000001000a40c        0xc CMakeFiles/llcd_test.dir/home/luk/Dokumenty/pico-sdk/src/rp2_common/pico_runtime/runtime.c.obj
 .rodata.panic.str1.4
                0x000000001000a418       0x12 CMakeFiles/llcd_test.dir/home/luk/Dokumenty/pico-sdk/src/rp2_common/pico_runtime/runtime.c.obj
 *fill*         0x000000001000a42a        0x2 
 .rodata._vsnprintf
                0x000000001000a42c      0x1e0 CMakeFiles/llcd_test.dir/home/luk/Dokumenty/pico-sdk/src/rp2_common/pico_printf/printf.c.obj
 .rodata._ftoa.str1.4
                0x000000001000a60c       0x15 CMakeFiles/llcd_test.dir/home/luk/Dokumenty/pico-sdk/src/rp2_common/pico_printf/printf.c.obj
 *fill*         0x000000001000a621        0x7 
 .rodata.pow10.5494
                0x000000001000a628       0x50 CMakeFiles/llcd_test.dir/home/luk/Dokumenty/pico-sdk/src/rp2_common/pico_printf/printf.c.obj
 .rodata.__wrap_malloc.str1.4
                0x000000001000a678        0xe CMakeFiles/llcd_test.dir/home/luk/Dokumenty/pico-sdk/src/rp2_common/pico_malloc/pico_malloc.c.obj
 *fill*         0x000000001000a686        0x2 
 .rodata.__bi_44
                0x000000001000a688        0xc CMakeFiles/llcd_test.dir/home/luk/Dokumenty/pico-sdk/src/rp2_common/pico_standard_link/binary_info.c.obj
 .rodata.__bi_75
                0x000000001000a694        0xc CMakeFiles/llcd_test.dir/home/luk/Dokumenty/pico-sdk/src/rp2_common/pico_standard_link/binary_info.c.obj
 .rodata.__bi_81
                0x000000001000a6a0        0xc CMakeFiles/llcd_test.dir/home/luk/Dokumenty/pico-sdk/src/rp2_common/pico_standard_link/binary_info.c.obj
 .rodata.str1.4
                0x000000001000a6ac       0x40 CMakeFiles/llcd_test.dir/home/luk/Dokumenty/pico-sdk/src/rp2_common/pico_standard_link/binary_info.c.obj
 .rodata.crlf_str.6115
                0x000000001000a6ec        0x2 CMakeFiles/llcd_test.dir/home/luk/Dokumenty/pico-sdk/src/rp2_common/pico_stdio/stdio.c.obj
 *fill*         0x000000001000a6ee        0x2 
 .rodata.__bi_28.4909
                0x000000001000a6f0        0xc CMakeFiles/llcd_test.dir/home/luk/Dokumenty/pico-sdk/src/rp2_common/pico_stdio_uart/stdio_uart.c.obj
 .rodata.__bi_29.4913
                0x000000001000a6fc        0x8 CMakeFiles/llcd_test.dir/home/luk/Dokumenty/pico-sdk/src/rp2_common/pico_stdio_uart/stdio_uart.c.obj
 .rodata.str1.4
                0x000000001000a704       0x2c CMakeFiles/llcd_test.dir/home/luk/Dokumenty/pico-sdk/src/rp2_common/pico_stdio_uart/stdio_uart.c.obj
 .rodata._resetd_driver
                0x000000001000a730       0x18 CMakeFiles/llcd_test.dir/home/luk/Dokumenty/pico-sdk/src/rp2_common/pico_stdio_usb/reset_interface.c.obj
 .rodata.__bi_118.7257
                0x000000001000a748        0xc CMakeFiles/llcd_test.dir/home/luk/Dokumenty/pico-sdk/src/rp2_common/pico_stdio_usb/stdio_usb.c.obj
 .rodata.str1.4
                0x000000001000a754       0x13 CMakeFiles/llcd_test.dir/home/luk/Dokumenty/pico-sdk/src/rp2_common/pico_stdio_usb/stdio_usb.c.obj
 *fill*         0x000000001000a767        0x1 
 .rodata.str1.4
                0x000000001000a768       0x2a CMakeFiles/llcd_test.dir/home/luk/Dokumenty/pico-sdk/src/rp2_common/pico_stdio_usb/stdio_usb_descriptors.c.obj
 *fill*         0x000000001000a792        0x2 
 .rodata.usbd_desc_cfg
                0x000000001000a794       0x54 CMakeFiles/llcd_test.dir/home/luk/Dokumenty/pico-sdk/src/rp2_common/pico_stdio_usb/stdio_usb_descriptors.c.obj
 .rodata.usbd_desc_device
                0x000000001000a7e8       0x12 CMakeFiles/llcd_test.dir/home/luk/Dokumenty/pico-sdk/src/rp2_common/pico_stdio_usb/stdio_usb_descriptors.c.obj
 *fill*         0x000000001000a7fa        0x2 
 .rodata.usbd_desc_str
                0x000000001000a7fc       0x18 CMakeFiles/llcd_test.dir/home/luk/Dokumenty/pico-sdk/src/rp2_common/pico_stdio_usb/stdio_usb_descriptors.c.obj
 .rodata.dcd_rp2040_irq.str1.4
                0x000000001000a814       0x14 CMakeFiles/llcd_test.dir/home/luk/Dokumenty/pico-sdk/lib/tinyusb/src/portable/raspberrypi/rp2040/dcd_rp2040.c.obj
 .rodata._hw_endpoint_buffer_control_update32.part.2.str1.4
                0x000000001000a828       0x1f CMakeFiles/llcd_test.dir/home/luk/Dokumenty/pico-sdk/lib/tinyusb/src/portable/raspberrypi/rp2040/rp2040_usb.c.obj
 *fill*         0x000000001000a847        0x1 
 .rodata.hw_endpoint_xfer_continue.str1.4
                0x000000001000a848       0x29 CMakeFiles/llcd_test.dir/home/luk/Dokumenty/pico-sdk/lib/tinyusb/src/portable/raspberrypi/rp2040/rp2040_usb.c.obj
 .rodata.str1.4
                0x000000001000a871       0x29 CMakeFiles/llcd_test.dir/home/luk/Dokumenty/pico-sdk/lib/tinyusb/src/portable/raspberrypi/rp2040/rp2040_usb.c.obj
                                          0x7 (size before relaxing)
 *fill*         0x000000001000a871        0x3 
 .rodata.tud_task
                0x000000001000a874       0x8c CMakeFiles/llcd_test.dir/home/luk/Dokumenty/pico-sdk/lib/tinyusb/src/device/usbd.c.obj
 .rodata._usbd_driver
                0x000000001000a900       0x18 CMakeFiles/llcd_test.dir/home/luk/Dokumenty/pico-sdk/lib/tinyusb/src/device/usbd.c.obj
 .rodata._ZN4llcd4llcdC2ESt8functionIFvRNS_3ctxEEE.str1.4
                0x000000001000a918        0x7 libllcd.a(llcd.cpp.obj)
 *fill*         0x000000001000a91f        0x1 
 .rodata._Z11DEV_SET_PWMh.str1.4
                0x000000001000a920       0x14 libllcd.a(DEV_Config.cpp.obj)
 .rodata._Z15DEV_Module_Initv.str1.4
                0x000000001000a934       0x15 libllcd.a(DEV_Config.cpp.obj)
 *fill*         0x000000001000a949        0x3 
 .rodata._ZNKSt17bad_function_call4whatEv.str1.4
                0x000000001000a94c       0x12 /usr/lib/gcc/arm-none-eabi/8.3.1/../../../arm-none-eabi/lib/thumb/v6-m/nofp/libstdc++.a(functional.o)
 *fill*         0x000000001000a95e        0x2 
 .rodata._ZTISt17bad_function_call
                0x000000001000a960        0xc /usr/lib/gcc/arm-none-eabi/8.3.1/../../../arm-none-eabi/lib/thumb/v6-m/nofp/libstdc++.a(functional.o)
                0x000000001000a960                typeinfo for std::bad_function_call
 .rodata._ZTSSt17bad_function_call
                0x000000001000a96c       0x16 /usr/lib/gcc/arm-none-eabi/8.3.1/../../../arm-none-eabi/lib/thumb/v6-m/nofp/libstdc++.a(functional.o)
                0x000000001000a96c                typeinfo name for std::bad_function_call
 *fill*         0x000000001000a982        0x2 
 .rodata._ZTVSt17bad_function_call
                0x000000001000a984       0x14 /usr/lib/gcc/arm-none-eabi/8.3.1/../../../arm-none-eabi/lib/thumb/v6-m/nofp/libstdc++.a(functional.o)
                0x000000001000a984                vtable for std::bad_function_call
 .rodata._ZTIN10__cxxabiv120__si_class_type_infoE
                0x000000001000a998        0xc /usr/lib/gcc/arm-none-eabi/8.3.1/../../../arm-none-eabi/lib/thumb/v6-m/nofp/libstdc++.a(si_class_type_info.o)
                0x000000001000a998                typeinfo for __cxxabiv1::__si_class_type_info
 .rodata._ZTSN10__cxxabiv120__si_class_type_infoE
                0x000000001000a9a4       0x25 /usr/lib/gcc/arm-none-eabi/8.3.1/../../../arm-none-eabi/lib/thumb/v6-m/nofp/libstdc++.a(si_class_type_info.o)
                0x000000001000a9a4                typeinfo name for __cxxabiv1::__si_class_type_info
 *fill*         0x000000001000a9c9        0x3 
 .rodata._ZTVN10__cxxabiv120__si_class_type_infoE
                0x000000001000a9cc       0x2c /usr/lib/gcc/arm-none-eabi/8.3.1/../../../arm-none-eabi/lib/thumb/v6-m/nofp/libstdc++.a(si_class_type_info.o)
                0x000000001000a9cc                vtable for __cxxabiv1::__si_class_type_info
 .rodata._ZL28read_encoded_value_with_basehjPKhPj
                0x000000001000a9f8       0x34 /usr/lib/gcc/arm-none-eabi/8.3.1/../../../arm-none-eabi/lib/thumb/v6-m/nofp/libstdc++.a(eh_personality.o)
 .rodata._ZNKSt13bad_exception4whatEv.str1.4
                0x000000001000aa2c       0x13 /usr/lib/gcc/arm-none-eabi/8.3.1/../../../arm-none-eabi/lib/thumb/v6-m/nofp/libstdc++.a(eh_exception.o)
 *fill*         0x000000001000aa3f        0x1 
 .rodata._ZTIN10__cxxabiv115__forced_unwindE
                0x000000001000aa40        0x8 /usr/lib/gcc/arm-none-eabi/8.3.1/../../../arm-none-eabi/lib/thumb/v6-m/nofp/libstdc++.a(eh_exception.o)
                0x000000001000aa40                typeinfo for __cxxabiv1::__forced_unwind
 .rodata._ZTIN10__cxxabiv119__foreign_exceptionE
                0x000000001000aa48        0x8 /usr/lib/gcc/arm-none-eabi/8.3.1/../../../arm-none-eabi/lib/thumb/v6-m/nofp/libstdc++.a(eh_exception.o)
                0x000000001000aa48                typeinfo for __cxxabiv1::__foreign_exception
 .rodata._ZTISt13bad_exception
                0x000000001000aa50        0xc /usr/lib/gcc/arm-none-eabi/8.3.1/../../../arm-none-eabi/lib/thumb/v6-m/nofp/libstdc++.a(eh_exception.o)
                0x000000001000aa50                typeinfo for std::bad_exception
 .rodata._ZTISt9exception
                0x000000001000aa5c        0x8 /usr/lib/gcc/arm-none-eabi/8.3.1/../../../arm-none-eabi/lib/thumb/v6-m/nofp/libstdc++.a(eh_exception.o)
                0x000000001000aa5c                typeinfo for std::exception
 .rodata._ZTSN10__cxxabiv115__forced_unwindE
                0x000000001000aa64       0x20 /usr/lib/gcc/arm-none-eabi/8.3.1/../../../arm-none-eabi/lib/thumb/v6-m/nofp/libstdc++.a(eh_exception.o)
                0x000000001000aa64                typeinfo name for __cxxabiv1::__forced_unwind
 .rodata._ZTSN10__cxxabiv119__foreign_exceptionE
                0x000000001000aa84       0x24 /usr/lib/gcc/arm-none-eabi/8.3.1/../../../arm-none-eabi/lib/thumb/v6-m/nofp/libstdc++.a(eh_exception.o)
                0x000000001000aa84                typeinfo name for __cxxabiv1::__foreign_exception
 .rodata._ZTSSt13bad_exception
                0x000000001000aaa8       0x12 /usr/lib/gcc/arm-none-eabi/8.3.1/../../../arm-none-eabi/lib/thumb/v6-m/nofp/libstdc++.a(eh_exception.o)
                0x000000001000aaa8                typeinfo name for std::bad_exception
 *fill*         0x000000001000aaba        0x2 
 .rodata._ZTSSt9exception
                0x000000001000aabc        0xd /usr/lib/gcc/arm-none-eabi/8.3.1/../../../arm-none-eabi/lib/thumb/v6-m/nofp/libstdc++.a(eh_exception.o)
                0x000000001000aabc                typeinfo name for std::exception
 *fill*         0x000000001000aac9        0x3 
 .rodata._ZTVSt13bad_exception
                0x000000001000aacc       0x14 /usr/lib/gcc/arm-none-eabi/8.3.1/../../../arm-none-eabi/lib/thumb/v6-m/nofp/libstdc++.a(eh_exception.o)
                0x000000001000aacc                vtable for std::bad_exception
 .rodata._ZTIN10__cxxabiv117__class_type_infoE
                0x000000001000aae0        0xc /usr/lib/gcc/arm-none-eabi/8.3.1/../../../arm-none-eabi/lib/thumb/v6-m/nofp/libstdc++.a(class_type_info.o)
                0x000000001000aae0                typeinfo for __cxxabiv1::__class_type_info
 .rodata._ZTSN10__cxxabiv117__class_type_infoE
                0x000000001000aaec       0x22 /usr/lib/gcc/arm-none-eabi/8.3.1/../../../arm-none-eabi/lib/thumb/v6-m/nofp/libstdc++.a(class_type_info.o)
                0x000000001000aaec                typeinfo name for __cxxabiv1::__class_type_info
 *fill*         0x000000001000ab0e        0x2 
 .rodata._ZTVN10__cxxabiv117__class_type_infoE
                0x000000001000ab10       0x2c /usr/lib/gcc/arm-none-eabi/8.3.1/../../../arm-none-eabi/lib/thumb/v6-m/nofp/libstdc++.a(class_type_info.o)
                0x000000001000ab10                vtable for __cxxabiv1::__class_type_info
 .rodata._ZTISt9type_info
                0x000000001000ab3c        0x8 /usr/lib/gcc/arm-none-eabi/8.3.1/../../../arm-none-eabi/lib/thumb/v6-m/nofp/libstdc++.a(tinfo.o)
                0x000000001000ab3c                typeinfo for std::type_info
 .rodata._ZTSSt9type_info
                0x000000001000ab44        0xd /usr/lib/gcc/arm-none-eabi/8.3.1/../../../arm-none-eabi/lib/thumb/v6-m/nofp/libstdc++.a(tinfo.o)
                0x000000001000ab44                typeinfo name for std::type_info
                0x000000001000ab54                . = ALIGN (0x4)
 *fill*         0x000000001000ab51        0x3 
 *(SORT_BY_ALIGNMENT(SORT_BY_NAME(.flashdata*)))
                0x000000001000ab54                . = ALIGN (0x4)

.ARM.extab      0x000000001000ab54       0xcc
 *(.ARM.extab* .gnu.linkonce.armextab.*)
 .ARM.extab.text._ZNK10__cxxabiv120__si_class_type_info12__do_dyncastEiNS_17__class_type_info10__sub_kindEPKS1_PKvS4_S6_RNS1_16__dyncast_resultE
                0x000000001000ab54        0xc /usr/lib/gcc/arm-none-eabi/8.3.1/../../../arm-none-eabi/lib/thumb/v6-m/nofp/libstdc++.a(si_class_type_info.o)
 .ARM.extab.text._ZN10__cxxabiv111__terminateEPFvvE
                0x000000001000ab60       0x28 /usr/lib/gcc/arm-none-eabi/8.3.1/../../../arm-none-eabi/lib/thumb/v6-m/nofp/libstdc++.a(eh_terminate.o)
 .ARM.extab.text.__gxx_personality_v0
                0x000000001000ab88       0x28 /usr/lib/gcc/arm-none-eabi/8.3.1/../../../arm-none-eabi/lib/thumb/v6-m/nofp/libstdc++.a(eh_personality.o)
 .ARM.extab.text.__cxa_begin_catch
                0x000000001000abb0        0xc /usr/lib/gcc/arm-none-eabi/8.3.1/../../../arm-none-eabi/lib/thumb/v6-m/nofp/libstdc++.a(eh_catch.o)
 .ARM.extab.text.unlikely.__cxa_call_unexpected
                0x000000001000abbc       0x28 /usr/lib/gcc/arm-none-eabi/8.3.1/../../../arm-none-eabi/lib/thumb/v6-m/nofp/libstdc++.a(eh_call.o)
 .ARM.extab.text.__cxa_type_match
                0x000000001000abe4        0xc /usr/lib/gcc/arm-none-eabi/8.3.1/../../../arm-none-eabi/lib/thumb/v6-m/nofp/libstdc++.a(eh_arm.o)
 .ARM.extab     0x000000001000abf0       0x24 /usr/lib/gcc/arm-none-eabi/8.3.1/thumb/v6-m/nofp/libgcc.a(unwind-arm.o)
 .ARM.extab     0x000000001000ac14        0xc /usr/lib/gcc/arm-none-eabi/8.3.1/thumb/v6-m/nofp/libgcc.a(pr-support.o)
                0x000000001000ac20                __exidx_start = .

.ARM.exidx      0x000000001000ac20      0x1b0
 *(.ARM.exidx* .gnu.linkonce.armexidx.*)
 .ARM.exidx.text._ZNKSt17bad_function_call4whatEv
                0x000000001000ac20        0x8 /usr/lib/gcc/arm-none-eabi/8.3.1/../../../arm-none-eabi/lib/thumb/v6-m/nofp/libstdc++.a(functional.o)
 .ARM.exidx.text._ZNSt17bad_function_callD2Ev
                0x000000001000ac28        0x0 /usr/lib/gcc/arm-none-eabi/8.3.1/../../../arm-none-eabi/lib/thumb/v6-m/nofp/libstdc++.a(functional.o)
                                          0x8 (size before relaxing)
 .ARM.exidx.text._ZNSt17bad_function_callD0Ev
                0x000000001000ac28        0x0 /usr/lib/gcc/arm-none-eabi/8.3.1/../../../arm-none-eabi/lib/thumb/v6-m/nofp/libstdc++.a(functional.o)
                                          0x8 (size before relaxing)
 .ARM.exidx.text._ZSt25__throw_bad_function_callv
                0x000000001000ac28        0x8 /usr/lib/gcc/arm-none-eabi/8.3.1/../../../arm-none-eabi/lib/thumb/v6-m/nofp/libstdc++.a(functional.o)
 .ARM.exidx.text._ZN10__cxxabiv120__si_class_type_infoD2Ev
                0x000000001000ac30        0x8 /usr/lib/gcc/arm-none-eabi/8.3.1/../../../arm-none-eabi/lib/thumb/v6-m/nofp/libstdc++.a(si_class_type_info.o)
 .ARM.exidx.text._ZN10__cxxabiv120__si_class_type_infoD0Ev
                0x000000001000ac38        0x0 /usr/lib/gcc/arm-none-eabi/8.3.1/../../../arm-none-eabi/lib/thumb/v6-m/nofp/libstdc++.a(si_class_type_info.o)
                                          0x8 (size before relaxing)
 .ARM.exidx.text._ZNK10__cxxabiv120__si_class_type_info20__do_find_public_srcEiPKvPKNS_17__class_type_infoES2_
                0x000000001000ac38        0x8 /usr/lib/gcc/arm-none-eabi/8.3.1/../../../arm-none-eabi/lib/thumb/v6-m/nofp/libstdc++.a(si_class_type_info.o)
 .ARM.exidx.text._ZNK10__cxxabiv120__si_class_type_info12__do_dyncastEiNS_17__class_type_info10__sub_kindEPKS1_PKvS4_S6_RNS1_16__dyncast_resultE
                0x000000001000ac40        0x8 /usr/lib/gcc/arm-none-eabi/8.3.1/../../../arm-none-eabi/lib/thumb/v6-m/nofp/libstdc++.a(si_class_type_info.o)
 .ARM.exidx.text._ZNK10__cxxabiv120__si_class_type_info11__do_upcastEPKNS_17__class_type_infoEPKvRNS1_15__upcast_resultE
                0x000000001000ac48        0x8 /usr/lib/gcc/arm-none-eabi/8.3.1/../../../arm-none-eabi/lib/thumb/v6-m/nofp/libstdc++.a(si_class_type_info.o)
 .ARM.exidx.text._ZL23__gxx_exception_cleanup19_Unwind_Reason_CodeP21_Unwind_Control_Block
                0x000000001000ac50        0x8 /usr/lib/gcc/arm-none-eabi/8.3.1/../../../arm-none-eabi/lib/thumb/v6-m/nofp/libstdc++.a(eh_throw.o)
 .ARM.exidx.text.__cxa_init_primary_exception
                0x000000001000ac58        0x8 /usr/lib/gcc/arm-none-eabi/8.3.1/../../../arm-none-eabi/lib/thumb/v6-m/nofp/libstdc++.a(eh_throw.o)
 .ARM.exidx.text.__cxa_throw
                0x000000001000ac60        0x8 /usr/lib/gcc/arm-none-eabi/8.3.1/../../../arm-none-eabi/lib/thumb/v6-m/nofp/libstdc++.a(eh_throw.o)
 .ARM.exidx.text.__cxa_rethrow
                0x000000001000ac68        0x8 /usr/lib/gcc/arm-none-eabi/8.3.1/../../../arm-none-eabi/lib/thumb/v6-m/nofp/libstdc++.a(eh_throw.o)
 .ARM.exidx.text._ZN10__cxxabiv111__terminateEPFvvE
                0x000000001000ac70        0x8 /usr/lib/gcc/arm-none-eabi/8.3.1/../../../arm-none-eabi/lib/thumb/v6-m/nofp/libstdc++.a(eh_terminate.o)
 .ARM.exidx.text._ZSt9terminatev
                0x000000001000ac78        0x8 /usr/lib/gcc/arm-none-eabi/8.3.1/../../../arm-none-eabi/lib/thumb/v6-m/nofp/libstdc++.a(eh_terminate.o)
 .ARM.exidx.text._ZN10__cxxabiv112__unexpectedEPFvvE
                0x000000001000ac80        0x8 /usr/lib/gcc/arm-none-eabi/8.3.1/../../../arm-none-eabi/lib/thumb/v6-m/nofp/libstdc++.a(eh_terminate.o)
 .ARM.exidx.text._ZSt10unexpectedv
                0x000000001000ac88        0x0 /usr/lib/gcc/arm-none-eabi/8.3.1/../../../arm-none-eabi/lib/thumb/v6-m/nofp/libstdc++.a(eh_terminate.o)
                                          0x8 (size before relaxing)
 .ARM.exidx.text._ZSt13get_terminatev
                0x000000001000ac88        0x8 /usr/lib/gcc/arm-none-eabi/8.3.1/../../../arm-none-eabi/lib/thumb/v6-m/nofp/libstdc++.a(eh_terminate.o)
 .ARM.exidx.text._ZSt14get_unexpectedv
                0x000000001000ac90        0x0 /usr/lib/gcc/arm-none-eabi/8.3.1/../../../arm-none-eabi/lib/thumb/v6-m/nofp/libstdc++.a(eh_terminate.o)
                                          0x8 (size before relaxing)
 .ARM.exidx.text._ZL28read_encoded_value_with_basehjPKhPj
                0x000000001000ac90        0x8 /usr/lib/gcc/arm-none-eabi/8.3.1/../../../arm-none-eabi/lib/thumb/v6-m/nofp/libstdc++.a(eh_personality.o)
 .ARM.exidx.text._ZL21base_of_encoded_valuehP15_Unwind_Context